Archive member included to satisfy reference by file (symbol)

/home/khoa/workspace/tools/gcc-arm-none-eabi-8-2019-q3-update/arm-none-eabi/lib/thumb/v7-m/nofp/libc.a(lib_a-atof.o)
                              build_arm_cortex_m3_base_application_stm32l/WString.o (atof)
/home/khoa/workspace/tools/gcc-arm-none-eabi-8-2019-q3-update/arm-none-eabi/lib/thumb/v7-m/nofp/libc.a(lib_a-atol.o)
                              build_arm_cortex_m3_base_application_stm32l/WString.o (atol)
/home/khoa/workspace/tools/gcc-arm-none-eabi-8-2019-q3-update/arm-none-eabi/lib/thumb/v7-m/nofp/libc.a(lib_a-isspace.o)
                              build_arm_cortex_m3_base_application_stm32l/WString.o (isspace)
/home/khoa/workspace/tools/gcc-arm-none-eabi-8-2019-q3-update/arm-none-eabi/lib/thumb/v7-m/nofp/libc.a(lib_a-malloc.o)
                              build_arm_cortex_m3_base_application_stm32l/message.o (malloc)
/home/khoa/workspace/tools/gcc-arm-none-eabi-8-2019-q3-update/arm-none-eabi/lib/thumb/v7-m/nofp/libc.a(lib_a-mallocr.o)
                              /home/khoa/workspace/tools/gcc-arm-none-eabi-8-2019-q3-update/arm-none-eabi/lib/thumb/v7-m/nofp/libc.a(lib_a-malloc.o) (_malloc_r)
/home/khoa/workspace/tools/gcc-arm-none-eabi-8-2019-q3-update/arm-none-eabi/lib/thumb/v7-m/nofp/libc.a(lib_a-memcmp.o)
                              build_arm_cortex_m3_base_application_stm32l/task_fw.o (memcmp)
/home/khoa/workspace/tools/gcc-arm-none-eabi-8-2019-q3-update/arm-none-eabi/lib/thumb/v7-m/nofp/libc.a(lib_a-memcpy.o)
                              build_arm_cortex_m3_base_application_stm32l/message.o (memcpy)
/home/khoa/workspace/tools/gcc-arm-none-eabi-8-2019-q3-update/arm-none-eabi/lib/thumb/v7-m/nofp/libc.a(lib_a-memmove.o)
                              build_arm_cortex_m3_base_application_stm32l/PubSubClient.o (memmove)
/home/khoa/workspace/tools/gcc-arm-none-eabi-8-2019-q3-update/arm-none-eabi/lib/thumb/v7-m/nofp/libc.a(lib_a-memset.o)
                              build_arm_cortex_m3_base_application_stm32l/task.o (memset)
/home/khoa/workspace/tools/gcc-arm-none-eabi-8-2019-q3-update/arm-none-eabi/lib/thumb/v7-m/nofp/libc.a(lib_a-mlock.o)
                              /home/khoa/workspace/tools/gcc-arm-none-eabi-8-2019-q3-update/arm-none-eabi/lib/thumb/v7-m/nofp/libc.a(lib_a-mallocr.o) (__malloc_lock)
/home/khoa/workspace/tools/gcc-arm-none-eabi-8-2019-q3-update/arm-none-eabi/lib/thumb/v7-m/nofp/libc.a(lib_a-rand.o)
                              build_arm_cortex_m3_base_application_stm32l/WMath.o (srand)
/home/khoa/workspace/tools/gcc-arm-none-eabi-8-2019-q3-update/arm-none-eabi/lib/thumb/v7-m/nofp/libc.a(lib_a-realloc.o)
                              build_arm_cortex_m3_base_application_stm32l/MPU6050.o (realloc)
/home/khoa/workspace/tools/gcc-arm-none-eabi-8-2019-q3-update/arm-none-eabi/lib/thumb/v7-m/nofp/libc.a(lib_a-reallocr.o)
                              /home/khoa/workspace/tools/gcc-arm-none-eabi-8-2019-q3-update/arm-none-eabi/lib/thumb/v7-m/nofp/libc.a(lib_a-realloc.o) (_realloc_r)
/home/khoa/workspace/tools/gcc-arm-none-eabi-8-2019-q3-update/arm-none-eabi/lib/thumb/v7-m/nofp/libc.a(lib_a-sbrkr.o)
                              /home/khoa/workspace/tools/gcc-arm-none-eabi-8-2019-q3-update/arm-none-eabi/lib/thumb/v7-m/nofp/libc.a(lib_a-mallocr.o) (_sbrk_r)
/home/khoa/workspace/tools/gcc-arm-none-eabi-8-2019-q3-update/arm-none-eabi/lib/thumb/v7-m/nofp/libc.a(lib_a-strcat.o)
                              build_arm_cortex_m3_base_application_stm32l/dtostrf.o (strcat)
/home/khoa/workspace/tools/gcc-arm-none-eabi-8-2019-q3-update/arm-none-eabi/lib/thumb/v7-m/nofp/libc.a(lib_a-strchr.o)
                              build_arm_cortex_m3_base_application_stm32l/WString.o (strchr)
/home/khoa/workspace/tools/gcc-arm-none-eabi-8-2019-q3-update/arm-none-eabi/lib/thumb/v7-m/nofp/libc.a(lib_a-strcmp.o)
                              build_arm_cortex_m3_base_application_stm32l/cmd_line.o (strcmp)
/home/khoa/workspace/tools/gcc-arm-none-eabi-8-2019-q3-update/arm-none-eabi/lib/thumb/v7-m/nofp/libc.a(lib_a-strcpy.o)
                              build_arm_cortex_m3_base_application_stm32l/sys_dbg.o (strcpy)
/home/khoa/workspace/tools/gcc-arm-none-eabi-8-2019-q3-update/arm-none-eabi/lib/thumb/v7-m/nofp/libc.a(lib_a-strlen-stub.o)
                              build_arm_cortex_m3_base_application_stm32l/qrcode.o (strlen)
/home/khoa/workspace/tools/gcc-arm-none-eabi-8-2019-q3-update/arm-none-eabi/lib/thumb/v7-m/nofp/libc.a(lib_a-strncmp.o)
                              build_arm_cortex_m3_base_application_stm32l/WString.o (strncmp)
/home/khoa/workspace/tools/gcc-arm-none-eabi-8-2019-q3-update/arm-none-eabi/lib/thumb/v7-m/nofp/libc.a(lib_a-strncpy.o)
                              build_arm_cortex_m3_base_application_stm32l/WString.o (strncpy)
/home/khoa/workspace/tools/gcc-arm-none-eabi-8-2019-q3-update/arm-none-eabi/lib/thumb/v7-m/nofp/libc.a(lib_a-strrchr.o)
[...]
Memory Configuration

Name             Origin             Length             Attributes
BSF              0x0000000008002000 0x0000000000001000 xr
FLASH            0x0000000008003000 0x000000000000d000 xr
SRAM             0x0000000020000000 0x0000000000004000 xrw
*default*        0x0000000000000000 0xffffffffffffffff

Linker script and memory map

                0x0000000000000400                HEAP_SIZE = 0x400

.start_boot_share_data_flash
                0x0000000008002000        0x0
                0x0000000008002000                _start_boot_share_data_flash = .

.start_flash    0x0000000008003000        0x0
                0x0000000008003000                _start_flash = .

.isr_vector     0x0000000008003000       0xf4
                0x0000000008003000                _isr_vector = .
 *(.isr_vector)
 .isr_vector    0x0000000008003000       0xf4 build_arm_cortex_m3_base_application_stm32l/system.o
                0x0000000008003000                isr_vector
                0x00000000080030f4                . = ALIGN (0x4)

.text           0x00000000080030f8     0xc290
                0x00000000080030f8                . = ALIGN (0x4)
 *(.text)
 .text          0x00000000080030f8        0x4 build_arm_cortex_m3_base_application_stm32l/sys_ctrl.o
                0x00000000080030f8                asm_test_add
 .text          0x00000000080030fc       0xec /home/khoa/workspace/tools/gcc-arm-none-eabi-8-2019-q3-update/arm-none-eabi/lib/thumb/v7-m/nofp/libc.a(lib_a-memcpy.o)
                0x00000000080030fc                memcpy
 .text          0x00000000080031e8      0x1bc /home/khoa/workspace/tools/gcc-arm-none-eabi-8-2019-q3-update/arm-none-eabi/lib/thumb/v7-m/nofp/libc.a(lib_a-strcmp.o)
                0x00000000080031e8                strcmp
 .text          0x00000000080033a4      0x378 /home/khoa/workspace/tools/gcc-arm-none-eabi-8-2019-q3-update/lib/gcc/arm-none-eabi/8.3.1/thumb/v7-m/nofp/libgcc.a(_arm_addsubdf3.o)
                0x00000000080033a4                __aeabi_drsub
                0x00000000080033ac                __aeabi_dsub
                0x00000000080033ac                __subdf3
                0x00000000080033b0                __adddf3
                0x00000000080033b0                __aeabi_dadd
                0x0000000008003628                __aeabi_ui2d
                0x0000000008003628                __floatunsidf
                0x0000000008003648                __floatsidf
                0x0000000008003648                __aeabi_i2d
                0x000000000800366c                __extendsfdf2
                0x000000000800366c                __aeabi_f2d
                0x00000000080036b0                __aeabi_ul2d
                0x00000000080036b0                __floatundidf
                0x00000000080036c0                __floatdidf
                0x00000000080036c0                __aeabi_l2d
 .text          0x000000000800371c      0x424 /home/khoa/workspace/tools/gcc-arm-none-eabi-8-2019-q3-update/lib/gcc/arm-none-eabi/8.3.1/thumb/v7-m/nofp/libgcc.a(_arm_muldivdf3.o)
                0x000000000800371c                __aeabi_dmul
                0x000000000800371c                __muldf3
                0x0000000008003970                __aeabi_ddiv
                0x0000000008003970                __divdf3
 .text          0x0000000008003b40       0x40 /home/khoa/workspace/tools/gcc-arm-none-eabi-8-2019-q3-update/lib/gcc/arm-none-eabi/8.3.1/thumb/v7-m/nofp/libgcc.a(_arm_fixunsdfsi.o)
                0x0000000008003b40                __fixunsdfsi
                0x0000000008003b40                __aeabi_d2uiz
 .text          0x0000000008003b80      0x21c /home/khoa/workspace/tools/gcc-arm-none-eabi-8-2019-q3-update/lib/gcc/arm-none-eabi/8.3.1/thumb/v7-m/nofp/libgcc.a(_arm_addsubsf3.o)
                0x0000000008003b80                __aeabi_frsub
                0x0000000008003b88                __subsf3
                0x0000000008003b88                __aeabi_fsub
                0x0000000008003b8c                __aeabi_fadd
                0x0000000008003b8c                __addsf3
                0x0000000008003cec                __aeabi_ui2f
                0x0000000008003cec                __floatunsisf
                0x0000000008003cf4                __aeabi_i2f
                0x0000000008003cf4                __floatsisf
                0x0000000008003d10                __floatundisf
                0x0000000008003d10                __aeabi_ul2f
                0x0000000008003d20                __floatdisf
                0x0000000008003d20                __aeabi_l2f
 *(.text*)
 .text.task_create
                0x0000000008003d9c       0x3c build_arm_cortex_m3_base_application_stm32l/task.o
                0x0000000008003d9c                task_create
 .text.task_post
                0x0000000008003dd8       0x84 build_arm_cortex_m3_base_application_stm32l/task.o
                0x0000000008003dd8                task_post
 .text.task_remove_msg
                0x0000000008003e5c       0x8c build_arm_cortex_m3_base_application_stm32l/task.o
                0x0000000008003e5c                task_remove_msg
 .text.task_post_pure_msg
                0x0000000008003ee8       0x18 build_arm_cortex_m3_base_application_stm32l/task.o
                0x0000000008003ee8                task_post_pure_msg
 .text.task_post_common_msg
                0x0000000008003f00       0x2a build_arm_cortex_m3_base_application_stm32l/task.o
                0x0000000008003f00                task_post_common_msg
 *fill*         0x0000000008003f2a        0x2 
 .text.task_entry_interrupt
                0x0000000008003f2c       0x38 build_arm_cortex_m3_base_application_stm32l/task.o
                0x0000000008003f2c                task_entry_interrupt
 .text.task_exit_interrupt
                0x0000000008003f64       0x24 build_arm_cortex_m3_base_application_stm32l/task.o
                0x0000000008003f64                task_exit_interrupt
 .text.task_init
                0x0000000008003f88       0x40 build_arm_cortex_m3_base_application_stm32l/task.o
                0x0000000008003f88                task_init
 .text.task_run
                0x0000000008003fc8      0x148 build_arm_cortex_m3_base_application_stm32l/task.o
                0x0000000008003fc8                task_run
 .text.get_current_task_id
                0x0000000008004110        0xc build_arm_cortex_m3_base_application_stm32l/task.o
                0x0000000008004110                get_current_task_id
 .text.get_current_task_info
                0x000000000800411c        0x8 build_arm_cortex_m3_base_application_stm32l/task.o
                0x000000000800411c                get_current_task_info
 .text.get_current_active_object
                0x0000000008004124        0x8 build_arm_cortex_m3_base_application_stm32l/task.o
                0x0000000008004124                get_current_active_object
 .text.timer_remove_msg
                0x000000000800412c       0x5c build_arm_cortex_m3_base_application_stm32l/timer.o
 .text.task_timer_tick
                0x0000000008004188       0x7c build_arm_cortex_m3_base_application_stm32l/timer.o
                0x0000000008004188                task_timer_tick
 .text.timer_init
                0x0000000008004204       0x5c build_arm_cortex_m3_base_application_stm32l/timer.o
                0x0000000008004204                timer_init
 .text.timer_tick
                0x0000000008004260       0x38 build_arm_cortex_m3_base_application_stm32l/timer.o
                0x0000000008004260                timer_tick
 .text.timer_set
                0x0000000008004298       0x7c build_arm_cortex_m3_base_application_stm32l/timer.o
                0x0000000008004298                timer_set
 .text.timer_remove_attr
                0x0000000008004314       0x18 build_arm_cortex_m3_base_application_stm32l/timer.o
                0x0000000008004314                timer_remove_attr
 .text.msg_init
                0x000000000800432c       0xcc build_arm_cortex_m3_base_application_stm32l/message.o
                0x000000000800432c                msg_init
 .text.msg_inc_ref_count
                0x00000000080043f8       0x2c build_arm_cortex_m3_base_application_stm32l/message.o
                0x00000000080043f8                msg_inc_ref_count
 .text.msg_dec_ref_count
                0x0000000008004424       0x28 build_arm_cortex_m3_base_application_stm32l/message.o
                0x0000000008004424                msg_dec_ref_count
 .text.msg_free
                0x000000000800444c       0x74 build_arm_cortex_m3_base_application_stm32l/message.o
                0x000000000800444c                msg_free
 .text.ak_malloc
                0x00000000080044c0       0x50 build_arm_cortex_m3_base_application_stm32l/message.o
                0x00000000080044c0                ak_malloc
 .text.ak_free  0x0000000008004510        0x4 build_arm_cortex_m3_base_application_stm32l/message.o
                0x0000000008004510                ak_free
 .text.get_pure_msg
                0x0000000008004514       0x40 build_arm_cortex_m3_base_application_stm32l/message.o
                0x0000000008004514                get_pure_msg
 .text.get_common_msg
                0x0000000008004554       0x44 build_arm_cortex_m3_base_application_stm32l/message.o
                0x0000000008004554                get_common_msg
 .text.set_data_common_msg
                0x0000000008004598       0x4c build_arm_cortex_m3_base_application_stm32l/message.o
                0x0000000008004598                set_data_common_msg
 .text.get_data_common_msg
                0x00000000080045e4       0x28 build_arm_cortex_m3_base_application_stm32l/message.o
                0x00000000080045e4                get_data_common_msg
 .text.get_data_len_common_msg
                0x000000000800460c       0x28 build_arm_cortex_m3_base_application_stm32l/message.o
                0x000000000800460c                get_data_len_common_msg
 .text.get_dynamic_msg
                0x0000000008004634       0x44 build_arm_cortex_m3_base_application_stm32l/message.o
                0x0000000008004634                get_dynamic_msg
 .text.set_data_dynamic_msg
                0x0000000008004678       0x3c build_arm_cortex_m3_base_application_stm32l/message.o
                0x0000000008004678                set_data_dynamic_msg
 .text.get_data_dynamic_msg
                0x00000000080046b4       0x28 build_arm_cortex_m3_base_application_stm32l/message.o
                0x00000000080046b4                get_data_dynamic_msg
 .text.get_data_len_dynamic_msg
                0x00000000080046dc        0x4 build_arm_cortex_m3_base_application_stm32l/message.o
                0x00000000080046dc                get_data_len_dynamic_msg
 .text.log_queue_init
                0x00000000080046e0       0x2e build_arm_cortex_m3_base_application_stm32l/log_queue.o
                0x00000000080046e0                log_queue_init
 .text.log_queue_len
                0x000000000800470e        0x4 build_arm_cortex_m3_base_application_stm32l/log_queue.o
                0x000000000800470e                log_queue_len
 .text.log_queue_put
                0x0000000008004712       0x5c build_arm_cortex_m3_base_application_stm32l/log_queue.o
                0x0000000008004712                log_queue_put
 .text.log_queue_get
                0x000000000800476e       0x30 build_arm_cortex_m3_base_application_stm32l/log_queue.o
                0x000000000800476e                log_queue_get
 .text.ring_buffer_char_init
                0x000000000800479e        0xc build_arm_cortex_m3_base_application_stm32l/ring_buffer.o
                0x000000000800479e                ring_buffer_char_init
 .text.ring_buffer_char_is_empty
                0x00000000080047aa        0xa build_arm_cortex_m3_base_application_stm32l/ring_buffer.o
                0x00000000080047aa                ring_buffer_char_is_empty
 .text.ring_buffer_char_put
                0x00000000080047b4       0x36 build_arm_cortex_m3_base_application_stm32l/ring_buffer.o
                0x00000000080047b4                ring_buffer_char_put
 .text.ring_buffer_char_get
                0x00000000080047ea       0x26 build_arm_cortex_m3_base_application_stm32l/ring_buffer.o
                0x00000000080047ea                ring_buffer_char_get
 .text.mem_read
                0x0000000008004810       0x18 build_arm_cortex_m3_base_application_stm32l/utils.o
                0x0000000008004810                mem_read
 .text.mem_write
                0x0000000008004828       0x1a build_arm_cortex_m3_base_application_stm32l/utils.o
                0x0000000008004828                mem_write
 *fill*         0x0000000008004842        0x2 
 .text.xputc    0x0000000008004844       0x24 build_arm_cortex_m3_base_application_stm32l/xprintf.o
                0x0000000008004844                xputc
 .text.sxputc   0x0000000008004868       0x10 build_arm_cortex_m3_base_application_stm32l/xprintf.o
                0x0000000008004868                sxputc
 .text.xputchar
                0x0000000008004878        0xc build_arm_cortex_m3_base_application_stm32l/xprintf.o
                0x0000000008004878                xputchar
 .text.xstream  0x0000000008004884      0x130 build_arm_cortex_m3_base_application_stm32l/xprintf.o
                0x0000000008004884                xstream
 .text.xprintf  0x00000000080049b4       0x24 build_arm_cortex_m3_base_application_stm32l/xprintf.o
                0x00000000080049b4                xprintf
 .text.set_dymc_output_type
                0x00000000080049d8       0x14 build_arm_cortex_m3_base_application_stm32l/xprintf.o
                0x00000000080049d8                set_dymc_output_type
 .text.xdymcprintf
                0x00000000080049ec       0x6c build_arm_cortex_m3_base_application_stm32l/xprintf.o
                0x00000000080049ec                xdymcprintf
 .text.cmd_line_parser
                0x0000000008004a58       0x74 build_arm_cortex_m3_base_application_stm32l/cmd_line.o
                0x0000000008004a58                cmd_line_parser
 .text.button_init
                0x0000000008004acc       0x34 build_arm_cortex_m3_base_application_stm32l/button.o
                0x0000000008004acc                button_init
 .text.button_enable
                0x0000000008004b00        0x6 build_arm_cortex_m3_base_application_stm32l/button.o
                0x0000000008004b00                button_enable
 .text.button_timer_polling
                0x0000000008004b06       0x72 build_arm_cortex_m3_base_application_stm32l/button.o
                0x0000000008004b06                button_timer_polling
 .text.flash_wait_to_idle
                0x0000000008004b78       0x3c build_arm_cortex_m3_base_application_stm32l/flash.o
 .text.flash_set_write_enable.constprop.0
                0x0000000008004bb4       0x1a build_arm_cortex_m3_base_application_stm32l/flash.o
 .text.flash_read
                0x0000000008004bce       0x4a build_arm_cortex_m3_base_application_stm32l/flash.o
                0x0000000008004bce                flash_read
 .text.flash_write
                0x0000000008004c18       0x64 build_arm_cortex_m3_base_application_stm32l/flash.o
                0x0000000008004c18                flash_write
 .text.flash_erase_sector
                0x0000000008004c7c       0x48 build_arm_cortex_m3_base_application_stm32l/flash.o
                0x0000000008004c7c                flash_erase_sector
 .text.flash_erase_block_64k
                0x0000000008004cc4       0x46 build_arm_cortex_m3_base_application_stm32l/flash.o
                0x0000000008004cc4                flash_erase_block_64k
 .text.flash_erase_full
                0x0000000008004d0a       0x26 build_arm_cortex_m3_base_application_stm32l/flash.o
                0x0000000008004d0a                flash_erase_full
 .text.led_init
                0x0000000008004d30       0x20 build_arm_cortex_m3_base_application_stm32l/led.o
                0x0000000008004d30                led_init
 .text.led_on   0x0000000008004d50        0xc build_arm_cortex_m3_base_application_stm32l/led.o
                0x0000000008004d50                led_on
 .text.led_off  0x0000000008004d5c        0xc build_arm_cortex_m3_base_application_stm32l/led.o
                0x0000000008004d5c                led_off
 .text.led_toggle
                0x0000000008004d68       0x12 build_arm_cortex_m3_base_application_stm32l/led.o
                0x0000000008004d68                led_toggle
 *fill*         0x0000000008004d7a        0x2 
 .text.getModeBits
                0x0000000008004d7c       0x30 build_arm_cortex_m3_base_application_stm32l/qrcode.o
 .text.bb_appendBits
                0x0000000008004dac       0x3c build_arm_cortex_m3_base_application_stm32l/qrcode.o
 .text.bb_setBit
                0x0000000008004de8       0x28 build_arm_cortex_m3_base_application_stm32l/qrcode.o
 .text.bb_getBit
                0x0000000008004e10       0x1a build_arm_cortex_m3_base_application_stm32l/qrcode.o
 .text.applyMask
                0x0000000008004e2a      0x10a build_arm_cortex_m3_base_application_stm32l/qrcode.o
 .text.setFunctionModule
                0x0000000008004f34       0x24 build_arm_cortex_m3_base_application_stm32l/qrcode.o
 .text.drawFinderPattern
                0x0000000008004f58       0x7e build_arm_cortex_m3_base_application_stm32l/qrcode.o
 .text.drawFormatBits
                0x0000000008004fd6      0x114 build_arm_cortex_m3_base_application_stm32l/qrcode.o
 *fill*         0x00000000080050ea        0x2 
 .text.getAlphanumeric
                0x00000000080050ec       0x34 build_arm_cortex_m3_base_application_stm32l/qrcode.o
 .text.qrcode_getBufferSize
                0x0000000008005120        0xe build_arm_cortex_m3_base_application_stm32l/qrcode.o
                0x0000000008005120                qrcode_getBufferSize
 *fill*         0x000000000800512e        0x2 
 .text.qrcode_initBytes
                0x0000000008005130      0x9d4 build_arm_cortex_m3_base_application_stm32l/qrcode.o
                0x0000000008005130                qrcode_initBytes
 .text.qrcode_initText
                0x0000000008005b04       0x2c build_arm_cortex_m3_base_application_stm32l/qrcode.o
                0x0000000008005b04                qrcode_initText
 .text.qrcode_getModule
                0x0000000008005b30       0x28 build_arm_cortex_m3_base_application_stm32l/qrcode.o
                0x0000000008005b30                qrcode_getModule
 .text.sys_dbg_fatal
                0x0000000008005b58      0x200 build_arm_cortex_m3_base_application_stm32l/sys_dbg.o
                0x0000000008005b58                sys_dbg_fatal
 .text.sys_dbg_func_stack_dump
                0x0000000008005d58        0x2 build_arm_cortex_m3_base_application_stm32l/sys_dbg.o
                0x0000000008005d58                sys_dbg_func_stack_dump
 .text.sys_dbg_cpu_dump
                0x0000000008005d5a        0x2 build_arm_cortex_m3_base_application_stm32l/sys_dbg.o
                0x0000000008005d5a                sys_dbg_cpu_dump
 .text.sys_dbg_stack_space_dump
                0x0000000008005d5c        0x6 build_arm_cortex_m3_base_application_stm32l/sys_dbg.o
                0x0000000008005d5c                sys_dbg_stack_space_dump
 *fill*         0x0000000008005d62        0x2 
 .text.sys_boot_init
                0x0000000008005d64       0x18 build_arm_cortex_m3_base_application_stm32l/sys_boot.o
                0x0000000008005d64                sys_boot_init
 .text.sys_boot_get
                0x0000000008005d7c        0xc build_arm_cortex_m3_base_application_stm32l/sys_boot.o
                0x0000000008005d7c                sys_boot_get
 .text.sys_boot_set
                0x0000000008005d88       0x34 build_arm_cortex_m3_base_application_stm32l/sys_boot.o
                0x0000000008005d88                sys_boot_set
 .text.sys_svc_restart_app
                0x0000000008005dbc        0x4 build_arm_cortex_m3_base_application_stm32l/sys_svc.o
                0x0000000008005dbc                sys_svc_restart_app
 .text.GPIO_Init
                0x0000000008005dc0       0x84 build_arm_cortex_m3_base_application_stm32l/stm32l1xx_gpio.o
                0x0000000008005dc0                GPIO_Init
 .text.GPIO_ReadInputDataBit
                0x0000000008005e44        0xc build_arm_cortex_m3_base_application_stm32l/stm32l1xx_gpio.o
                0x0000000008005e44                GPIO_ReadInputDataBit
 .text.GPIO_SetBits
                0x0000000008005e50        0x4 build_arm_cortex_m3_base_application_stm32l/stm32l1xx_gpio.o
                0x0000000008005e50                GPIO_SetBits
 .text.GPIO_ResetBits
                0x0000000008005e54        0x4 build_arm_cortex_m3_base_application_stm32l/stm32l1xx_gpio.o
                0x0000000008005e54                GPIO_ResetBits
 .text.GPIO_PinAFConfig
                0x0000000008005e58       0x24 build_arm_cortex_m3_base_application_stm32l/stm32l1xx_gpio.o
                0x0000000008005e58                GPIO_PinAFConfig
 .text.RCC_HSICmd
                0x0000000008005e7c        0xc build_arm_cortex_m3_base_application_stm32l/stm32l1xx_rcc.o
                0x0000000008005e7c                RCC_HSICmd
 .text.RCC_GetClocksFreq
                0x0000000008005e88       0xa4 build_arm_cortex_m3_base_application_stm32l/stm32l1xx_rcc.o
                0x0000000008005e88                RCC_GetClocksFreq
 .text.RCC_AHBPeriphClockCmd
                0x0000000008005f2c       0x1c build_arm_cortex_m3_base_application_stm32l/stm32l1xx_rcc.o
                0x0000000008005f2c                RCC_AHBPeriphClockCmd
 .text.RCC_APB2PeriphClockCmd
                0x0000000008005f48       0x1c build_arm_cortex_m3_base_application_stm32l/stm32l1xx_rcc.o
                0x0000000008005f48                RCC_APB2PeriphClockCmd
 .text.RCC_APB1PeriphClockCmd
                0x0000000008005f64       0x1c build_arm_cortex_m3_base_application_stm32l/stm32l1xx_rcc.o
                0x0000000008005f64                RCC_APB1PeriphClockCmd
 .text.RCC_APB2PeriphResetCmd
                0x0000000008005f80       0x1c build_arm_cortex_m3_base_application_stm32l/stm32l1xx_rcc.o
                0x0000000008005f80                RCC_APB2PeriphResetCmd
 .text.RCC_APB1PeriphResetCmd
                0x0000000008005f9c       0x1c build_arm_cortex_m3_base_application_stm32l/stm32l1xx_rcc.o
                0x0000000008005f9c                RCC_APB1PeriphResetCmd
 .text.RCC_GetFlagStatus
                0x0000000008005fb8       0x20 build_arm_cortex_m3_base_application_stm32l/stm32l1xx_rcc.o
                0x0000000008005fb8                RCC_GetFlagStatus
 .text.USART_Init
                0x0000000008005fd8       0xa0 build_arm_cortex_m3_base_application_stm32l/stm32l1xx_usart.o
                0x0000000008005fd8                USART_Init
 .text.USART_Cmd
                0x0000000008006078       0x16 build_arm_cortex_m3_base_application_stm32l/stm32l1xx_usart.o
                0x0000000008006078                USART_Cmd
 .text.USART_SendData
                0x000000000800608e        0x8 build_arm_cortex_m3_base_application_stm32l/stm32l1xx_usart.o
                0x000000000800608e                USART_SendData
 .text.USART_ReceiveData
                0x0000000008006096        0x8 build_arm_cortex_m3_base_application_stm32l/stm32l1xx_usart.o
                0x0000000008006096                USART_ReceiveData
 .text.USART_ITConfig
                0x000000000800609e       0x30 build_arm_cortex_m3_base_application_stm32l/stm32l1xx_usart.o
                0x000000000800609e                USART_ITConfig
 .text.USART_GetFlagStatus
                0x00000000080060ce        0xc build_arm_cortex_m3_base_application_stm32l/stm32l1xx_usart.o
                0x00000000080060ce                USART_GetFlagStatus
 .text.USART_GetITStatus
                0x00000000080060da       0x3e build_arm_cortex_m3_base_application_stm32l/stm32l1xx_usart.o
                0x00000000080060da                USART_GetITStatus
 .text.USART_ClearITPendingBit
                0x0000000008006118        0xe build_arm_cortex_m3_base_application_stm32l/stm32l1xx_usart.o
                0x0000000008006118                USART_ClearITPendingBit
 *fill*         0x0000000008006126        0x2 
 .text.SPI_I2S_DeInit
                0x0000000008006128       0x64 build_arm_cortex_m3_base_application_stm32l/stm32l1xx_spi.o
                0x0000000008006128                SPI_I2S_DeInit
 .text.SPI_Init
                0x000000000800618c       0x3c build_arm_cortex_m3_base_application_stm32l/stm32l1xx_spi.o
                0x000000000800618c                SPI_Init
 .text.SPI_Cmd  0x00000000080061c8       0x16 build_arm_cortex_m3_base_application_stm32l/stm32l1xx_spi.o
                0x00000000080061c8                SPI_Cmd
 .text.SPI_I2S_ReceiveData
                0x00000000080061de        0x4 build_arm_cortex_m3_base_application_stm32l/stm32l1xx_spi.o
                0x00000000080061de                SPI_I2S_ReceiveData
 .text.SPI_I2S_SendData
                0x00000000080061e2        0x4 build_arm_cortex_m3_base_application_stm32l/stm32l1xx_spi.o
                0x00000000080061e2                SPI_I2S_SendData
 .text.SPI_I2S_GetFlagStatus
                0x00000000080061e6        0xc build_arm_cortex_m3_base_application_stm32l/stm32l1xx_spi.o
                0x00000000080061e6                SPI_I2S_GetFlagStatus
 *fill*         0x00000000080061f2        0x2 
 .text.NVIC_PriorityGroupConfig
                0x00000000080061f4       0x14 build_arm_cortex_m3_base_application_stm32l/misc.o
                0x00000000080061f4                NVIC_PriorityGroupConfig
 .text.NVIC_Init
                0x0000000008006208       0x58 build_arm_cortex_m3_base_application_stm32l/misc.o
                0x0000000008006208                NVIC_Init
 .text.EXTI_GetFlagStatus
                0x0000000008006260       0x14 build_arm_cortex_m3_base_application_stm32l/stm32l1xx_exti.o
                0x0000000008006260                EXTI_GetFlagStatus
 .text.EXTI_GetITStatus
                0x0000000008006274        0x4 build_arm_cortex_m3_base_application_stm32l/stm32l1xx_exti.o
                0x0000000008006274                EXTI_GetITStatus
 .text.EXTI_ClearITPendingBit
                0x0000000008006278        0xc build_arm_cortex_m3_base_application_stm32l/stm32l1xx_exti.o
                0x0000000008006278                EXTI_ClearITPendingBit
 .text.TIM_TimeBaseInit
                0x0000000008006284       0x58 build_arm_cortex_m3_base_application_stm32l/stm32l1xx_tim.o
                0x0000000008006284                TIM_TimeBaseInit
 .text.TIM_Cmd  0x00000000080062dc       0x16 build_arm_cortex_m3_base_application_stm32l/stm32l1xx_tim.o
                0x00000000080062dc                TIM_Cmd
 .text.TIM_ITConfig
                0x00000000080062f2       0x10 build_arm_cortex_m3_base_application_stm32l/stm32l1xx_tim.o
                0x00000000080062f2                TIM_ITConfig
 .text.TIM_GetITStatus
                0x0000000008006302       0x16 build_arm_cortex_m3_base_application_stm32l/stm32l1xx_tim.o
                0x0000000008006302                TIM_GetITStatus
 .text.TIM_ClearITPendingBit
                0x0000000008006318        0x8 build_arm_cortex_m3_base_application_stm32l/stm32l1xx_tim.o
                0x0000000008006318                TIM_ClearITPendingBit
 .text.ADC_Init
                0x0000000008006320       0x4c build_arm_cortex_m3_base_application_stm32l/stm32l1xx_adc.o
                0x0000000008006320                ADC_Init
 .text.ADC_Cmd  0x000000000800636c       0x12 build_arm_cortex_m3_base_application_stm32l/stm32l1xx_adc.o
                0x000000000800636c                ADC_Cmd
 *fill*         0x000000000800637e        0x2 
 .text.ADC_TempSensorVrefintCmd
                0x0000000008006380       0x18 build_arm_cortex_m3_base_application_stm32l/stm32l1xx_adc.o
                0x0000000008006380                ADC_TempSensorVrefintCmd
 .text.ADC_RegularChannelConfig
                0x0000000008006398      0x108 build_arm_cortex_m3_base_application_stm32l/stm32l1xx_adc.o
                0x0000000008006398                ADC_RegularChannelConfig
 .text.ADC_SoftwareStartConv
                0x00000000080064a0        0xa build_arm_cortex_m3_base_application_stm32l/stm32l1xx_adc.o
                0x00000000080064a0                ADC_SoftwareStartConv
 .text.ADC_GetConversionValue
                0x00000000080064aa        0x6 build_arm_cortex_m3_base_application_stm32l/stm32l1xx_adc.o
                0x00000000080064aa                ADC_GetConversionValue
 .text.ADC_GetFlagStatus
                0x00000000080064b0        0xc build_arm_cortex_m3_base_application_stm32l/stm32l1xx_adc.o
                0x00000000080064b0                ADC_GetFlagStatus
 .text.PWR_UltraLowPowerCmd
                0x00000000080064bc        0xc build_arm_cortex_m3_base_application_stm32l/stm32l1xx_pwr.o
                0x00000000080064bc                PWR_UltraLowPowerCmd
 .text.PWR_EnterSleepMode
                0x00000000080064c8       0x30 build_arm_cortex_m3_base_application_stm32l/stm32l1xx_pwr.o
                0x00000000080064c8                PWR_EnterSleepMode
 .text.PWR_EnterSTOPMode
                0x00000000080064f8       0x34 build_arm_cortex_m3_base_application_stm32l/stm32l1xx_pwr.o
                0x00000000080064f8                PWR_EnterSTOPMode
 .text.FLASH_Lock
                0x000000000800652c       0x10 build_arm_cortex_m3_base_application_stm32l/stm32l1xx_flash.o
                0x000000000800652c                FLASH_Lock
 .text.DATA_EEPROM_Unlock
                0x000000000800653c       0x20 build_arm_cortex_m3_base_application_stm32l/stm32l1xx_flash.o
                0x000000000800653c                DATA_EEPROM_Unlock
 .text.FLASH_Unlock
                0x000000000800655c       0x2c build_arm_cortex_m3_base_application_stm32l/stm32l1xx_flash.o
                0x000000000800655c                FLASH_Unlock
 .text.DATA_EEPROM_Lock
                0x0000000008006588       0x10 build_arm_cortex_m3_base_application_stm32l/stm32l1xx_flash.o
                0x0000000008006588                DATA_EEPROM_Lock
 .text.FLASH_OB_Unlock
                0x0000000008006598       0x2c build_arm_cortex_m3_base_application_stm32l/stm32l1xx_flash.o
                0x0000000008006598                FLASH_OB_Unlock
 .text.FLASH_OB_Launch
                0x00000000080065c4       0x10 build_arm_cortex_m3_base_application_stm32l/stm32l1xx_flash.o
                0x00000000080065c4                FLASH_OB_Launch
 .text.FLASH_OB_GetBOR
                0x00000000080065d4       0x10 build_arm_cortex_m3_base_application_stm32l/stm32l1xx_flash.o
                0x00000000080065d4                FLASH_OB_GetBOR
 .text.FLASH_ClearFlag
                0x00000000080065e4        0xc build_arm_cortex_m3_base_application_stm32l/stm32l1xx_flash.o
                0x00000000080065e4                FLASH_ClearFlag
 .text.FLASH_GetStatus
                0x00000000080065f0       0x28 build_arm_cortex_m3_base_application_stm32l/stm32l1xx_flash.o
                0x00000000080065f0                FLASH_GetStatus
 .text.FLASH_WaitForLastOperation
                0x0000000008006618       0x3c build_arm_cortex_m3_base_application_stm32l/stm32l1xx_flash.o
                0x0000000008006618                FLASH_WaitForLastOperation
 .text.FLASH_ErasePage
                0x0000000008006654       0x44 build_arm_cortex_m3_base_application_stm32l/stm32l1xx_flash.o
                0x0000000008006654                FLASH_ErasePage
 .text.FLASH_FastProgramWord
                0x0000000008006698       0x22 build_arm_cortex_m3_base_application_stm32l/stm32l1xx_flash.o
                0x0000000008006698                FLASH_FastProgramWord
 .text.DATA_EEPROM_EraseWord
                0x00000000080066ba       0x16 build_arm_cortex_m3_base_application_stm32l/stm32l1xx_flash.o
                0x00000000080066ba                DATA_EEPROM_EraseWord
 .text.DATA_EEPROM_FastProgramWord
                0x00000000080066d0       0x30 build_arm_cortex_m3_base_application_stm32l/stm32l1xx_flash.o
                0x00000000080066d0                DATA_EEPROM_FastProgramWord
 .text.DATA_EEPROM_ProgramByte
                0x0000000008006700       0x4c build_arm_cortex_m3_base_application_stm32l/stm32l1xx_flash.o
                0x0000000008006700                DATA_EEPROM_ProgramByte
 .text.FLASH_OB_BORConfig
                0x000000000800674c       0x3c build_arm_cortex_m3_base_application_stm32l/stm32l1xx_flash.o
                0x000000000800674c                FLASH_OB_BORConfig
 .text.IWDG_WriteAccessCmd
                0x0000000008006788        0xc build_arm_cortex_m3_base_application_stm32l/stm32l1xx_iwdg.o
                0x0000000008006788                IWDG_WriteAccessCmd
 .text.IWDG_SetPrescaler
                0x0000000008006794        0xc build_arm_cortex_m3_base_application_stm32l/stm32l1xx_iwdg.o
                0x0000000008006794                IWDG_SetPrescaler
 .text.IWDG_SetReload
                0x00000000080067a0        0xc build_arm_cortex_m3_base_application_stm32l/stm32l1xx_iwdg.o
                0x00000000080067a0                IWDG_SetReload
 .text.IWDG_ReloadCounter
                0x00000000080067ac       0x10 build_arm_cortex_m3_base_application_stm32l/stm32l1xx_iwdg.o
                0x00000000080067ac                IWDG_ReloadCounter
 .text.IWDG_Enable
                0x00000000080067bc       0x10 build_arm_cortex_m3_base_application_stm32l/stm32l1xx_iwdg.o
                0x00000000080067bc                IWDG_Enable
 .text.DAC_Init
                0x00000000080067cc       0x2c build_arm_cortex_m3_base_application_stm32l/stm32l1xx_dac.o
                0x00000000080067cc                DAC_Init
 .text.DAC_Cmd  0x00000000080067f8       0x1c build_arm_cortex_m3_base_application_stm32l/stm32l1xx_dac.o
                0x00000000080067f8                DAC_Cmd
 .text.DAC_SetChannel2Data
                0x0000000008006814       0x20 build_arm_cortex_m3_base_application_stm32l/stm32l1xx_dac.o
                0x0000000008006814                DAC_SetChannel2Data
 .text.I2C_SendData
                0x0000000008006834        0x4 build_arm_cortex_m3_base_application_stm32l/stm32l1xx_i2c.o
                0x0000000008006834                I2C_SendData
 .text.I2C_CheckEvent
                0x0000000008006838       0x16 build_arm_cortex_m3_base_application_stm32l/stm32l1xx_i2c.o
                0x0000000008006838                I2C_CheckEvent
 *fill*         0x000000000800684e        0x2 
 .text.disable_interrupts
                0x0000000008006850       0x10 build_arm_cortex_m3_base_application_stm32l/platform.o
                0x0000000008006850                disable_interrupts
 .text.entry_critical
                0x0000000008006860       0x14 build_arm_cortex_m3_base_application_stm32l/platform.o
                0x0000000008006860                entry_critical
 .text.exit_critical
                0x0000000008006874       0x30 build_arm_cortex_m3_base_application_stm32l/platform.o
                0x0000000008006874                exit_critical
 .text.get_nest_entry_critical_counter
                0x00000000080068a4        0xc build_arm_cortex_m3_base_application_stm32l/platform.o
                0x00000000080068a4                get_nest_entry_critical_counter
 .text.svc_handler
                0x00000000080068b0       0x14 build_arm_cortex_m3_base_application_stm32l/system.o
                0x00000000080068b0                svc_handler
 .text.pendsv_handler
                0x00000000080068c4       0x44 build_arm_cortex_m3_base_application_stm32l/system.o
                0x00000000080068c4                pendsv_handler
 .text.default_handler
                0x0000000008006908       0x1c build_arm_cortex_m3_base_application_stm32l/system.o
                0x0000000008006908                default_handler
                0x0000000008006908                dg_monitor_handler
 .text.nmi_handler
                0x0000000008006924       0x1c build_arm_cortex_m3_base_application_stm32l/system.o
                0x0000000008006924                nmi_handler
 .text.hard_fault_handler
                0x0000000008006940       0x1c build_arm_cortex_m3_base_application_stm32l/system.o
                0x0000000008006940                hard_fault_handler
 .text.mem_manage_handler
                0x000000000800695c       0x1c build_arm_cortex_m3_base_application_stm32l/system.o
                0x000000000800695c                mem_manage_handler
 .text.bus_fault_handler
                0x0000000008006978       0x1c build_arm_cortex_m3_base_application_stm32l/system.o
                0x0000000008006978                bus_fault_handler
 .text.usage_fault_handler
                0x0000000008006994       0x1c build_arm_cortex_m3_base_application_stm32l/system.o
                0x0000000008006994                usage_fault_handler
 .text.systick_handler
                0x00000000080069b0       0x48 build_arm_cortex_m3_base_application_stm32l/system.o
                0x00000000080069b0                systick_handler
 .text.usb_lp_irq
                0x00000000080069f8       0x10 build_arm_cortex_m3_base_application_stm32l/system.o
                0x00000000080069f8                usb_lp_irq
 .text.shell_handler
                0x0000000008006a08       0x84 build_arm_cortex_m3_base_application_stm32l/system.o
                0x0000000008006a08                shell_handler
 .text.exti_line1_irq
                0x0000000008006a8c       0x24 build_arm_cortex_m3_base_application_stm32l/system.o
                0x0000000008006a8c                exti_line1_irq
 .text.timer7_irq
                0x0000000008006ab0       0x24 build_arm_cortex_m3_base_application_stm32l/system.o
                0x0000000008006ab0                timer7_irq
 .text.sys_ctrl_delay
                0x0000000008006ad4        0xc build_arm_cortex_m3_base_application_stm32l/system.o
                0x0000000008006ad4                sys_ctrl_delay
 .text.reset_handler
                0x0000000008006ae0       0xf8 build_arm_cortex_m3_base_application_stm32l/system.o
                0x0000000008006ae0                reset_handler
 .text.sys_ctrl_millis
                0x0000000008006bd8       0x20 build_arm_cortex_m3_base_application_stm32l/system.o
                0x0000000008006bd8                sys_ctrl_millis
 .text._init    0x0000000008006bf8        0x4 build_arm_cortex_m3_base_application_stm32l/system.o
                0x0000000008006bf8                _init
 .text.svc_exe  0x0000000008006bfc       0x20 build_arm_cortex_m3_base_application_stm32l/system.o
                0x0000000008006bfc                svc_exe
 .text.sys_ctrl_shell_put_char_block
                0x0000000008006c1c       0x2c build_arm_cortex_m3_base_application_stm32l/sys_cfg.o
                0x0000000008006c1c                sys_ctrl_shell_put_char_block
 .text.sys_ctrl_shell_put_char
                0x0000000008006c48       0x38 build_arm_cortex_m3_base_application_stm32l/sys_cfg.o
                0x0000000008006c48                sys_ctrl_shell_put_char
 .text.sys_cfg_clock
                0x0000000008006c80       0x24 build_arm_cortex_m3_base_application_stm32l/sys_cfg.o
                0x0000000008006c80                sys_cfg_clock
 .text.sys_cfg_tick
                0x0000000008006ca4       0x4c build_arm_cortex_m3_base_application_stm32l/sys_cfg.o
                0x0000000008006ca4                sys_cfg_tick
 .text.sys_cfg_console
                0x0000000008006cf0      0x108 build_arm_cortex_m3_base_application_stm32l/sys_cfg.o
                0x0000000008006cf0                sys_cfg_console
 .text.sys_cfg_svc
                0x0000000008006df8       0x24 build_arm_cortex_m3_base_application_stm32l/sys_cfg.o
                0x0000000008006df8                sys_cfg_svc
 .text.sys_cfg_pendsv
                0x0000000008006e1c       0x24 build_arm_cortex_m3_base_application_stm32l/sys_cfg.o
                0x0000000008006e1c                sys_cfg_pendsv
 .text.sys_cfg_update_info
                0x0000000008006e40       0xc8 build_arm_cortex_m3_base_application_stm32l/sys_cfg.o
                0x0000000008006e40                sys_cfg_update_info
 .text.sys_ctrl_shell_sw_to_block
                0x0000000008006f08       0x54 build_arm_cortex_m3_base_application_stm32l/sys_cfg.o
                0x0000000008006f08                sys_ctrl_shell_sw_to_block
 .text.sys_ctrl_shell_sw_to_nonblock
                0x0000000008006f5c       0x2c build_arm_cortex_m3_base_application_stm32l/sys_cfg.o
                0x0000000008006f5c                sys_ctrl_shell_sw_to_nonblock
 .text.sys_ctrl_shell_get_char
                0x0000000008006f88       0x40 build_arm_cortex_m3_base_application_stm32l/sys_cfg.o
                0x0000000008006f88                sys_ctrl_shell_get_char
 .text.sys_ctrl_reset
                0x0000000008006fc8       0x20 build_arm_cortex_m3_base_application_stm32l/sys_cfg.o
                0x0000000008006fc8                sys_ctrl_reset
 .text.sys_ctrl_delay_us
                0x0000000008006fe8       0x28 build_arm_cortex_m3_base_application_stm32l/sys_cfg.o
                0x0000000008006fe8                sys_ctrl_delay_us
 .text.sys_ctrl_delay_ms
                0x0000000008007010       0x38 build_arm_cortex_m3_base_application_stm32l/sys_cfg.o
                0x0000000008007010                sys_ctrl_delay_ms
 .text.sys_ctr_sleep_wait_for_irq
                0x0000000008007048        0x8 build_arm_cortex_m3_base_application_stm32l/sys_cfg.o
                0x0000000008007048                sys_ctr_sleep_wait_for_irq
 .text.sys_ctr_stop_mcu
                0x0000000008007050       0xac build_arm_cortex_m3_base_application_stm32l/sys_cfg.o
                0x0000000008007050                sys_ctr_stop_mcu
 .text.sys_ctr_get_exception_number
                0x00000000080070fc       0x10 build_arm_cortex_m3_base_application_stm32l/sys_cfg.o
                0x00000000080070fc                sys_ctr_get_exception_number
 .text.sys_ctr_restart_app
                0x000000000800710c       0x10 build_arm_cortex_m3_base_application_stm32l/sys_cfg.o
                0x000000000800710c                sys_ctr_restart_app
 .text.sys_cfg_restore_app
                0x000000000800711c       0x3c build_arm_cortex_m3_base_application_stm32l/sys_cfg.o
                0x000000000800711c                sys_cfg_restore_app
 .text.sys_ctrl_independent_watchdog_init
                0x0000000008007158       0x24 build_arm_cortex_m3_base_application_stm32l/sys_cfg.o
                0x0000000008007158                sys_ctrl_independent_watchdog_init
 .text.sys_ctrl_independent_watchdog_reset
                0x000000000800717c       0x14 build_arm_cortex_m3_base_application_stm32l/sys_cfg.o
                0x000000000800717c                sys_ctrl_independent_watchdog_reset
 .text.sys_ctrl_soft_watchdog_init
                0x0000000008007190       0x5c build_arm_cortex_m3_base_application_stm32l/sys_cfg.o
                0x0000000008007190                sys_ctrl_soft_watchdog_init
 .text.sys_ctrl_soft_watchdog_reset
                0x00000000080071ec       0x18 build_arm_cortex_m3_base_application_stm32l/sys_cfg.o
                0x00000000080071ec                sys_ctrl_soft_watchdog_reset
 .text.sys_ctrl_soft_watchdog_increase_counter
                0x0000000008007204       0x88 build_arm_cortex_m3_base_application_stm32l/sys_cfg.o
                0x0000000008007204                sys_ctrl_soft_watchdog_increase_counter
 .text.sys_ctrl_get_firmware_info
                0x000000000800728c       0x48 build_arm_cortex_m3_base_application_stm32l/sys_cfg.o
                0x000000000800728c                sys_ctrl_get_firmware_info
 .text.task_irq_io_entry_trigger
                0x00000000080072d4        0x4 build_arm_cortex_m3_base_application_stm32l/sys_cfg.o
                0x00000000080072d4                task_irq_io_entry_trigger
 .text.task_irq_io_exit_trigger
                0x00000000080072d8        0x4 build_arm_cortex_m3_base_application_stm32l/sys_cfg.o
                0x00000000080072d8                task_irq_io_exit_trigger
 .text.io_button_mode_init
                0x00000000080072dc       0x28 build_arm_cortex_m3_base_application_stm32l/io_cfg.o
                0x00000000080072dc                io_button_mode_init
 .text.io_button_up_init
                0x0000000008007304       0x28 build_arm_cortex_m3_base_application_stm32l/io_cfg.o
                0x0000000008007304                io_button_up_init
 .text.io_button_down_init
                0x000000000800732c       0x2c build_arm_cortex_m3_base_application_stm32l/io_cfg.o
                0x000000000800732c                io_button_down_init
 .text.io_button_mode_read
                0x0000000008007358        0xc build_arm_cortex_m3_base_application_stm32l/io_cfg.o
                0x0000000008007358                io_button_mode_read
 .text.io_button_up_read
                0x0000000008007364        0xc build_arm_cortex_m3_base_application_stm32l/io_cfg.o
                0x0000000008007364                io_button_up_read
 .text.io_button_down_read
                0x0000000008007370       0x10 build_arm_cortex_m3_base_application_stm32l/io_cfg.o
                0x0000000008007370                io_button_down_read
 .text.led_life_init
                0x0000000008007380       0x2c build_arm_cortex_m3_base_application_stm32l/io_cfg.o
                0x0000000008007380                led_life_init
 .text.led_life_on
                0x00000000080073ac       0x10 build_arm_cortex_m3_base_application_stm32l/io_cfg.o
                0x00000000080073ac                led_life_on
 .text.led_life_off
                0x00000000080073bc       0x10 build_arm_cortex_m3_base_application_stm32l/io_cfg.o
                0x00000000080073bc                led_life_off
 .text.flash_io_ctrl_init
                0x00000000080073cc       0x2c build_arm_cortex_m3_base_application_stm32l/io_cfg.o
                0x00000000080073cc                flash_io_ctrl_init
 .text.flash_cs_low
                0x00000000080073f8       0x10 build_arm_cortex_m3_base_application_stm32l/io_cfg.o
                0x00000000080073f8                flash_cs_low
 .text.flash_cs_high
                0x0000000008007408       0x10 build_arm_cortex_m3_base_application_stm32l/io_cfg.o
                0x0000000008007408                flash_cs_high
 .text.flash_transfer
                0x0000000008007418       0xa0 build_arm_cortex_m3_base_application_stm32l/io_cfg.o
                0x0000000008007418                flash_transfer
 .text.sht1x_clk_input_mode
                0x00000000080074b8       0x2c build_arm_cortex_m3_base_application_stm32l/io_cfg.o
                0x00000000080074b8                sht1x_clk_input_mode
 .text.sht1x_clk_output_mode
                0x00000000080074e4       0x2c build_arm_cortex_m3_base_application_stm32l/io_cfg.o
                0x00000000080074e4                sht1x_clk_output_mode
 .text.sht1x_clk_digital_write_low
                0x0000000008007510       0x10 build_arm_cortex_m3_base_application_stm32l/io_cfg.o
                0x0000000008007510                sht1x_clk_digital_write_low
 .text.sht1x_clk_digital_write_high
                0x0000000008007520       0x10 build_arm_cortex_m3_base_application_stm32l/io_cfg.o
                0x0000000008007520                sht1x_clk_digital_write_high
 .text.sht1x_data_input_mode
                0x0000000008007530       0x2c build_arm_cortex_m3_base_application_stm32l/io_cfg.o
                0x0000000008007530                sht1x_data_input_mode
 .text.sht1x_data_output_mode
                0x000000000800755c       0x2c build_arm_cortex_m3_base_application_stm32l/io_cfg.o
                0x000000000800755c                sht1x_data_output_mode
 .text.sht1x_data_digital_write_low
                0x0000000008007588       0x10 build_arm_cortex_m3_base_application_stm32l/io_cfg.o
                0x0000000008007588                sht1x_data_digital_write_low
 .text.sht1x_data_digital_write_high
                0x0000000008007598       0x10 build_arm_cortex_m3_base_application_stm32l/io_cfg.o
                0x0000000008007598                sht1x_data_digital_write_high
 .text.ds1302_ce_input_mode
                0x00000000080075a8       0x28 build_arm_cortex_m3_base_application_stm32l/io_cfg.o
                0x00000000080075a8                ds1302_ce_input_mode
 .text.ds1302_ce_output_mode
                0x00000000080075d0       0x2c build_arm_cortex_m3_base_application_stm32l/io_cfg.o
                0x00000000080075d0                ds1302_ce_output_mode
 .text.ds1302_ce_digital_write_low
                0x00000000080075fc        0xc build_arm_cortex_m3_base_application_stm32l/io_cfg.o
                0x00000000080075fc                ds1302_ce_digital_write_low
 .text.ds1302_ce_digital_write_high
                0x0000000008007608        0xc build_arm_cortex_m3_base_application_stm32l/io_cfg.o
                0x0000000008007608                ds1302_ce_digital_write_high
 .text.ds1302_clk_input_mode
                0x0000000008007614       0x28 build_arm_cortex_m3_base_application_stm32l/io_cfg.o
                0x0000000008007614                ds1302_clk_input_mode
 .text.ds1302_clk_output_mode
                0x000000000800763c       0x2c build_arm_cortex_m3_base_application_stm32l/io_cfg.o
                0x000000000800763c                ds1302_clk_output_mode
 .text.ds1302_clk_digital_write_low
                0x0000000008007668       0x10 build_arm_cortex_m3_base_application_stm32l/io_cfg.o
                0x0000000008007668                ds1302_clk_digital_write_low
 .text.ds1302_clk_digital_write_high
                0x0000000008007678       0x10 build_arm_cortex_m3_base_application_stm32l/io_cfg.o
                0x0000000008007678                ds1302_clk_digital_write_high
 .text.ds1302_data_input_mode
                0x0000000008007688       0x28 build_arm_cortex_m3_base_application_stm32l/io_cfg.o
                0x0000000008007688                ds1302_data_input_mode
 .text.ds1302_data_output_mode
                0x00000000080076b0       0x28 build_arm_cortex_m3_base_application_stm32l/io_cfg.o
                0x00000000080076b0                ds1302_data_output_mode
 .text.ds1302_data_digital_write_low
                0x00000000080076d8        0xc build_arm_cortex_m3_base_application_stm32l/io_cfg.o
                0x00000000080076d8                ds1302_data_digital_write_low
 .text.ds1302_data_digital_write_high
                0x00000000080076e4        0xc build_arm_cortex_m3_base_application_stm32l/io_cfg.o
                0x00000000080076e4                ds1302_data_digital_write_high
 .text.io_cfg_dac_out2_config
                0x00000000080076f0       0x54 build_arm_cortex_m3_base_application_stm32l/io_cfg.o
                0x00000000080076f0                io_cfg_dac_out2_config
 .text.io_cfg_adc1
                0x0000000008007744       0x48 build_arm_cortex_m3_base_application_stm32l/io_cfg.o
                0x0000000008007744                io_cfg_adc1
 .text.adc_ct_io_cfg
                0x000000000800778c       0x2c build_arm_cortex_m3_base_application_stm32l/io_cfg.o
                0x000000000800778c                adc_ct_io_cfg
 .text.adc_thermistor_io_cfg
                0x00000000080077b8       0x2c build_arm_cortex_m3_base_application_stm32l/io_cfg.o
                0x00000000080077b8                adc_thermistor_io_cfg
 *fill*         0x00000000080077e4        0x4 
 .text.sys_ctr_get_vbat_voltage
                0x00000000080077e8       0x88 build_arm_cortex_m3_base_application_stm32l/io_cfg.o
                0x00000000080077e8                sys_ctr_get_vbat_voltage
 .text.io_cfg_dac_out2_set
                0x0000000008007870       0x1c build_arm_cortex_m3_base_application_stm32l/io_cfg.o
                0x0000000008007870                io_cfg_dac_out2_set
 .text.ssd1306_clk_input_mode
                0x000000000800788c       0x2c build_arm_cortex_m3_base_application_stm32l/io_cfg.o
                0x000000000800788c                ssd1306_clk_input_mode
 .text.ssd1306_clk_output_mode
                0x00000000080078b8       0x2c build_arm_cortex_m3_base_application_stm32l/io_cfg.o
                0x00000000080078b8                ssd1306_clk_output_mode
 .text.ssd1306_clk_digital_write_low
                0x00000000080078e4       0x10 build_arm_cortex_m3_base_application_stm32l/io_cfg.o
                0x00000000080078e4                ssd1306_clk_digital_write_low
 .text.ssd1306_clk_digital_write_high
                0x00000000080078f4       0x10 build_arm_cortex_m3_base_application_stm32l/io_cfg.o
                0x00000000080078f4                ssd1306_clk_digital_write_high
 .text.ssd1306_data_input_mode
                0x0000000008007904       0x2c build_arm_cortex_m3_base_application_stm32l/io_cfg.o
                0x0000000008007904                ssd1306_data_input_mode
 .text.ssd1306_data_output_mode
                0x0000000008007930       0x2c build_arm_cortex_m3_base_application_stm32l/io_cfg.o
                0x0000000008007930                ssd1306_data_output_mode
 .text.ssd1306_data_digital_write_low
                0x000000000800795c       0x10 build_arm_cortex_m3_base_application_stm32l/io_cfg.o
                0x000000000800795c                ssd1306_data_digital_write_low
 .text.ssd1306_data_digital_write_high
                0x000000000800796c       0x10 build_arm_cortex_m3_base_application_stm32l/io_cfg.o
                0x000000000800796c                ssd1306_data_digital_write_high
 .text.io_eeprom_read
                0x000000000800797c       0x34 build_arm_cortex_m3_base_application_stm32l/io_cfg.o
                0x000000000800797c                io_eeprom_read
 .text.io_eeprom_erase
                0x00000000080079b0       0x58 build_arm_cortex_m3_base_application_stm32l/io_cfg.o
                0x00000000080079b0                io_eeprom_erase
 .text.internal_flash_unlock
                0x0000000008007a08       0x14 build_arm_cortex_m3_base_application_stm32l/io_cfg.o
                0x0000000008007a08                internal_flash_unlock
 .text.internal_flash_lock
                0x0000000008007a1c        0x4 build_arm_cortex_m3_base_application_stm32l/io_cfg.o
                0x0000000008007a1c                internal_flash_lock
 .text.internal_flash_erase_pages_cal
                0x0000000008007a20       0x2c build_arm_cortex_m3_base_application_stm32l/io_cfg.o
                0x0000000008007a20                internal_flash_erase_pages_cal
 .text.internal_flash_write_cal
                0x0000000008007a4c       0x64 build_arm_cortex_m3_base_application_stm32l/io_cfg.o
                0x0000000008007a4c                internal_flash_write_cal
 .text.SystemInit
                0x0000000008007ab0      0x118 build_arm_cortex_m3_base_application_stm32l/system_stm32l1xx.o
                0x0000000008007ab0                SystemInit
 .text.SystemCoreClockUpdate
                0x0000000008007bc8       0x90 build_arm_cortex_m3_base_application_stm32l/system_stm32l1xx.o
                0x0000000008007bc8                SystemCoreClockUpdate
 .text.main_app
                0x0000000008007c58      0x184 build_arm_cortex_m3_base_application_stm32l/app.o
                0x0000000008007c58                main_app
 .text.sys_irq_timer_10ms
                0x0000000008007ddc       0x24 build_arm_cortex_m3_base_application_stm32l/app.o
                0x0000000008007ddc                sys_irq_timer_10ms
 .text.sys_irq_usb_recv
                0x0000000008007e00        0x2 build_arm_cortex_m3_base_application_stm32l/app.o
                0x0000000008007e00                sys_irq_usb_recv
 .text._Z17btn_mode_callbackPv
                0x0000000008007e02       0x10 build_arm_cortex_m3_base_application_stm32l/app_bsp.o
                0x0000000008007e02                btn_mode_callback(void*)
 .text._Z15btn_up_callbackPv
                0x0000000008007e12        0xe build_arm_cortex_m3_base_application_stm32l/app_bsp.o
                0x0000000008007e12                btn_up_callback(void*)
 .text._Z17btn_down_callbackPv
                0x0000000008007e20        0xe build_arm_cortex_m3_base_application_stm32l/app_bsp.o
                0x0000000008007e20                btn_down_callback(void*)
 .text.rf_printf
                0x0000000008007e2e        0x2 build_arm_cortex_m3_base_application_stm32l/rf_remote_ctrl.o
                0x0000000008007e2e                rf_printf
 .text._ZL19str_parser_get_attrh
                0x0000000008007e30       0x1c build_arm_cortex_m3_base_application_stm32l/shell.o
 .text._ZL9shell_epiPh
                0x0000000008007e4c        0x4 build_arm_cortex_m3_base_application_stm32l/shell.o
 .text._ZL9shell_psvPh
                0x0000000008007e50       0x14 build_arm_cortex_m3_base_application_stm32l/shell.o
 .text._ZL10shell_helpPh
                0x0000000008007e64       0x30 build_arm_cortex_m3_base_application_stm32l/shell.o
 .text._ZN2ak5stackIZL9shell_dbgPhE6test_tLm3EE4pushERKS2_
                0x0000000008007e94       0x38 build_arm_cortex_m3_base_application_stm32l/shell.o
 .text._ZNK2ak5stackIZL9shell_dbgPhE6test_tLm3EE3topEv
                0x0000000008007ecc       0x34 build_arm_cortex_m3_base_application_stm32l/shell.o
 .text._ZL9shell_svcPh
                0x0000000008007f00       0x10 build_arm_cortex_m3_base_application_stm32l/shell.o
 .text._ZL9shell_fwuPh
                0x0000000008007f10       0x34 build_arm_cortex_m3_base_application_stm32l/shell.o
 .text._ZL10str_parserPc
                0x0000000008007f44       0x64 build_arm_cortex_m3_base_application_stm32l/shell.o
 .text._ZL11shell_flashPh
                0x0000000008007fa8      0x14c build_arm_cortex_m3_base_application_stm32l/shell.o
 .text._ZL9shell_epsPh
                0x00000000080080f4       0xd0 build_arm_cortex_m3_base_application_stm32l/shell.o
 .text._ZL9shell_sttPh
                0x00000000080081c4       0x34 build_arm_cortex_m3_base_application_stm32l/shell.o
 .text._ZL11shell_fatalPh
                0x00000000080081f8      0x2cc build_arm_cortex_m3_base_application_stm32l/shell.o
 .text._ZL9shell_ramPh
                0x00000000080084c4      0x1e0 build_arm_cortex_m3_base_application_stm32l/shell.o
 .text._ZL12shell_rebootPh
                0x00000000080086a4       0x10 build_arm_cortex_m3_base_application_stm32l/shell.o
 .text._ZL9shell_verPh
                0x00000000080086b4       0xf0 build_arm_cortex_m3_base_application_stm32l/shell.o
 .text._ZL11shell_resetPh
                0x00000000080087a4       0x10 build_arm_cortex_m3_base_application_stm32l/shell.o
 .text._ZN2ak5stackIZL9shell_dbgPhE6test_tLm3EE3popEv.isra.1
                0x00000000080087b4       0x24 build_arm_cortex_m3_base_application_stm32l/shell.o
 .text._ZL10shell_bootPh
                0x00000000080087d8       0xdc build_arm_cortex_m3_base_application_stm32l/shell.o
 .text._ZL9shell_dbgPh
                0x00000000080088b4      0x390 build_arm_cortex_m3_base_application_stm32l/shell.o
 .text._ZL9shell_lcdPh
                0x0000000008008c44       0xdc build_arm_cortex_m3_base_application_stm32l/shell.o
 .text.sys_irq_shell
                0x0000000008008d20       0xb4 build_arm_cortex_m3_base_application_stm32l/task_shell.o
                0x0000000008008d20                sys_irq_shell
 .text._Z10task_shellP8ak_msg_t
                0x0000000008008dd4       0xac build_arm_cortex_m3_base_application_stm32l/task_shell.o
                0x0000000008008dd4                task_shell(ak_msg_t*)
 .text._Z9task_lifeP8ak_msg_t
                0x0000000008008e80       0x20 build_arm_cortex_m3_base_application_stm32l/task_life.o
                0x0000000008008e80                task_life(ak_msg_t*)
 .text._Z7task_fwP8ak_msg_t
                0x0000000008008ea0      0x464 build_arm_cortex_m3_base_application_stm32l/task_fw.o
                0x0000000008008ea0                task_fw(ak_msg_t*)
 .text._ZN6zb_znp22zigbee_message_handlerER12zigbee_msg_t
                0x0000000008009304       0xf4 build_arm_cortex_m3_base_application_stm32l/task_zigbee.o
                0x0000000008009304                zb_znp::zigbee_message_handler(zigbee_msg_t&)
 .text._Z11task_zigbeeP8ak_msg_t
                0x00000000080093f8      0x27c build_arm_cortex_m3_base_application_stm32l/task_zigbee.o
                0x00000000080093f8                task_zigbee(ak_msg_t*)
 .text.startup._GLOBAL__sub_I_control_switch_address
                0x0000000008009674       0x10 build_arm_cortex_m3_base_application_stm32l/task_zigbee.o
 .text._Z7task_ifP8ak_msg_t
                0x0000000008009684       0xe4 build_arm_cortex_m3_base_application_stm32l/task_if.o
                0x0000000008009684                task_if(ak_msg_t*)
 .text._Z12task_rf24_ifP8ak_msg_t
                0x0000000008009768        0x2 build_arm_cortex_m3_base_application_stm32l/task_rf24_if.o
                0x0000000008009768                task_rf24_if(ak_msg_t*)
 .text._Z12task_uart_ifP8ak_msg_t
                0x000000000800976a        0x2 build_arm_cortex_m3_base_application_stm32l/task_uart_if.o
                0x000000000800976a                task_uart_if(ak_msg_t*)
 .text._Z8task_dbgP8ak_msg_t
                0x000000000800976c      0x1e4 build_arm_cortex_m3_base_application_stm32l/task_dbg.o
                0x000000000800976c                task_dbg(ak_msg_t*)
 .text._Z17task_control_gameP8ak_msg_t
                0x0000000008009950       0x78 build_arm_cortex_m3_base_application_stm32l/flynshoot_game_control.o
                0x0000000008009950                task_control_game(ak_msg_t*)
 .text._Z11minePassScrv
                0x00000000080099c8       0x24 build_arm_cortex_m3_base_application_stm32l/flynshoot_mines.o
                0x00000000080099c8                minePassScr()
 .text._Z9minesInitv
                0x00000000080099ec       0x8c build_arm_cortex_m3_base_application_stm32l/flynshoot_mines.o
                0x00000000080099ec                minesInit()
 .text._Z11renderMinesv
                0x0000000008009a78       0x54 build_arm_cortex_m3_base_application_stm32l/flynshoot_mines.o
                0x0000000008009a78                renderMines()
 .text._Z11updateMinesv
                0x0000000008009acc       0x48 build_arm_cortex_m3_base_application_stm32l/flynshoot_mines.o
                0x0000000008009acc                updateMines()
 .text._Z18task_control_minesP8ak_msg_t
                0x0000000008009b14       0x3e build_arm_cortex_m3_base_application_stm32l/flynshoot_mines.o
                0x0000000008009b14                task_control_mines(ak_msg_t*)
 *fill*         0x0000000008009b52        0x2 
 .text._Z12spawnMissilev
                0x0000000008009b54       0x28 build_arm_cortex_m3_base_application_stm32l/flynshoot_missile.o
                0x0000000008009b54                spawnMissile()
 .text._Z16MISSILE_HIT_MINEv
                0x0000000008009b7c       0x80 build_arm_cortex_m3_base_application_stm32l/flynshoot_missile.o
                0x0000000008009b7c                MISSILE_HIT_MINE()
 .text._Z13renderMissilev
                0x0000000008009bfc       0x64 build_arm_cortex_m3_base_application_stm32l/flynshoot_missile.o
                0x0000000008009bfc                renderMissile()
 .text._Z12clearMissilev
                0x0000000008009c60       0x20 build_arm_cortex_m3_base_application_stm32l/flynshoot_missile.o
                0x0000000008009c60                clearMissile()
 .text._Z20task_control_missileP8ak_msg_t
                0x0000000008009c80       0x78 build_arm_cortex_m3_base_application_stm32l/flynshoot_missile.o
                0x0000000008009c80                task_control_missile(ak_msg_t*)
 .text._Z10checkDeathv
                0x0000000008009cf8       0x78 build_arm_cortex_m3_base_application_stm32l/flynshoot_ship.o
                0x0000000008009cf8                checkDeath()
 .text._Z8drawShipv
                0x0000000008009d70       0x6c build_arm_cortex_m3_base_application_stm32l/flynshoot_ship.o
                0x0000000008009d70                drawShip()
 .text._Z17task_control_shipP8ak_msg_t
                0x0000000008009ddc      0x19c build_arm_cortex_m3_base_application_stm32l/flynshoot_ship.o
                0x0000000008009ddc                task_control_ship(ak_msg_t*)
 .text._Z18checkTunnelOverlaphh
                0x0000000008009f78       0x30 build_arm_cortex_m3_base_application_stm32l/flynshoot_display.o
                0x0000000008009f78                checkTunnelOverlap(unsigned char, unsigned char)
 .text.startup._GLOBAL__sub_I_topTunnel
                0x0000000008009fa8        0xc build_arm_cortex_m3_base_application_stm32l/flynshoot_display.o
 .text.exit._GLOBAL__sub_D_topTunnel
                0x0000000008009fb4        0xc build_arm_cortex_m3_base_application_stm32l/flynshoot_display.o
 .text._Z20task_control_displayP8ak_msg_t
                0x0000000008009fc0      0x1ac build_arm_cortex_m3_base_application_stm32l/flynshoot_display.o
                0x0000000008009fc0                task_control_display(ak_msg_t*)
 .text._Z22view_render_display_onv
                0x000000000800a16c        0xc build_arm_cortex_m3_base_application_stm32l/view_render.o
                0x000000000800a16c                view_render_display_on()
 .text.startup._GLOBAL__sub_I_view_render
                0x000000000800a178        0xc build_arm_cortex_m3_base_application_stm32l/view_render.o
 .text.exit._GLOBAL__sub_D_view_render
                0x000000000800a184        0xc build_arm_cortex_m3_base_application_stm32l/view_render.o
 .text._ZN12Adafruit_GFX8drawLineEsssst
                0x000000000800a190       0xbe build_arm_cortex_m3_base_application_stm32l/Adafruit_GFX.o
                0x000000000800a190                Adafruit_GFX::drawLine(short, short, short, short, unsigned short)
 .text._ZN12Adafruit_GFX8drawRectEsssst
                0x000000000800a24e       0x5e build_arm_cortex_m3_base_application_stm32l/Adafruit_GFX.o
                0x000000000800a24e                Adafruit_GFX::drawRect(short, short, short, short, unsigned short)
 .text._ZN12Adafruit_GFX13drawFastVLineEssst
                0x000000000800a2ac       0x1c build_arm_cortex_m3_base_application_stm32l/Adafruit_GFX.o
                0x000000000800a2ac                Adafruit_GFX::drawFastVLine(short, short, short, unsigned short)
 .text._ZN12Adafruit_GFX13drawFastHLineEssst
                0x000000000800a2c8       0x1a build_arm_cortex_m3_base_application_stm32l/Adafruit_GFX.o
                0x000000000800a2c8                Adafruit_GFX::drawFastHLine(short, short, short, unsigned short)
 .text._ZN12Adafruit_GFX8fillRectEsssst
                0x000000000800a2e2       0x38 build_arm_cortex_m3_base_application_stm32l/Adafruit_GFX.o
                0x000000000800a2e2                Adafruit_GFX::fillRect(short, short, short, short, unsigned short)
 .text._ZN12Adafruit_GFX10fillScreenEt
                0x000000000800a31a       0x1c build_arm_cortex_m3_base_application_stm32l/Adafruit_GFX.o
                0x000000000800a31a                Adafruit_GFX::fillScreen(unsigned short)
 .text._ZN12Adafruit_GFX13invertDisplayEb
                0x000000000800a336        0x2 build_arm_cortex_m3_base_application_stm32l/Adafruit_GFX.o
                0x000000000800a336                Adafruit_GFX::invertDisplay(bool)
 .text._ZN12Adafruit_GFXC2Ess
                0x000000000800a338       0x28 build_arm_cortex_m3_base_application_stm32l/Adafruit_GFX.o
                0x000000000800a338                Adafruit_GFX::Adafruit_GFX(short, short)
                0x000000000800a338                Adafruit_GFX::Adafruit_GFX(short, short)
 .text._ZN12Adafruit_GFX16fillCircleHelperEssshst
                0x000000000800a360      0x134 build_arm_cortex_m3_base_application_stm32l/Adafruit_GFX.o
                0x000000000800a360                Adafruit_GFX::fillCircleHelper(short, short, short, unsigned char, short, unsigned short)
 .text._ZN12Adafruit_GFX10fillCircleEssst
                0x000000000800a494       0x48 build_arm_cortex_m3_base_application_stm32l/Adafruit_GFX.o
                0x000000000800a494                Adafruit_GFX::fillCircle(short, short, short, unsigned short)
 .text._ZN12Adafruit_GFX7drawSunEssst
                0x000000000800a4dc       0xd0 build_arm_cortex_m3_base_application_stm32l/Adafruit_GFX.o
                0x000000000800a4dc                Adafruit_GFX::drawSun(short, short, short, unsigned short)
 .text._ZN12Adafruit_GFX8drawCharEsshtth
                0x000000000800a5ac      0x110 build_arm_cortex_m3_base_application_stm32l/Adafruit_GFX.o
                0x000000000800a5ac                Adafruit_GFX::drawChar(short, short, unsigned char, unsigned short, unsigned short, unsigned char)
 .text._ZN12Adafruit_GFX5writeEh
                0x000000000800a6bc       0x6c build_arm_cortex_m3_base_application_stm32l/Adafruit_GFX.o
                0x000000000800a6bc                Adafruit_GFX::write(unsigned char)
 .text._ZN12Adafruit_GFX9setCursorEss
                0x000000000800a728        0x6 build_arm_cortex_m3_base_application_stm32l/Adafruit_GFX.o
                0x000000000800a728                Adafruit_GFX::setCursor(short, short)
 .text._ZN12Adafruit_GFX11setTextSizeEh
                0x000000000800a72e        0xa build_arm_cortex_m3_base_application_stm32l/Adafruit_GFX.o
                0x000000000800a72e                Adafruit_GFX::setTextSize(unsigned char)
 .text._ZN12Adafruit_GFX12setTextColorEt
                0x000000000800a738        0x6 build_arm_cortex_m3_base_application_stm32l/Adafruit_GFX.o
                0x000000000800a738                Adafruit_GFX::setTextColor(unsigned short)
 .text._ZN12Adafruit_GFX5widthEv
                0x000000000800a73e        0x6 build_arm_cortex_m3_base_application_stm32l/Adafruit_GFX.o
                0x000000000800a73e                Adafruit_GFX::width()
 .text._ZN12Adafruit_GFX6heightEv
                0x000000000800a744        0x6 build_arm_cortex_m3_base_application_stm32l/Adafruit_GFX.o
                0x000000000800a744                Adafruit_GFX::height()
 .text._ZN19Adafruit_ssd1306syp9updateRowEii
                0x000000000800a74a       0x1e build_arm_cortex_m3_base_application_stm32l/Adafruit_ssd1306syp.o
                0x000000000800a74a                Adafruit_ssd1306syp::updateRow(int, int)
 .text._ZN19Adafruit_ssd1306syp9drawPixelEsst
                0x000000000800a768       0x5e build_arm_cortex_m3_base_application_stm32l/Adafruit_ssd1306syp.o
                0x000000000800a768                Adafruit_ssd1306syp::drawPixel(short, short, unsigned short)
 *fill*         0x000000000800a7c6        0x2 
 .text._ZN19Adafruit_ssd1306sypC2Ev
                0x000000000800a7c8       0x24 build_arm_cortex_m3_base_application_stm32l/Adafruit_ssd1306syp.o
                0x000000000800a7c8                Adafruit_ssd1306syp::Adafruit_ssd1306syp()
                0x000000000800a7c8                Adafruit_ssd1306syp::Adafruit_ssd1306syp()
 .text._ZN19Adafruit_ssd1306sypD2Ev
                0x000000000800a7ec        0x2 build_arm_cortex_m3_base_application_stm32l/Adafruit_ssd1306syp.o
                0x000000000800a7ec                Adafruit_ssd1306syp::~Adafruit_ssd1306syp()
                0x000000000800a7ec                Adafruit_ssd1306syp::~Adafruit_ssd1306syp()
 .text._ZN19Adafruit_ssd1306syp5clearEb
                0x000000000800a7ee       0x22 build_arm_cortex_m3_base_application_stm32l/Adafruit_ssd1306syp.o
                0x000000000800a7ee                Adafruit_ssd1306syp::clear(bool)
 .text._ZN19Adafruit_ssd1306syp9writeByteEh
                0x000000000800a810       0x54 build_arm_cortex_m3_base_application_stm32l/Adafruit_ssd1306syp.o
                0x000000000800a810                Adafruit_ssd1306syp::writeByte(unsigned char)
 .text._ZN19Adafruit_ssd1306syp8startIICEv
                0x000000000800a864       0x2c build_arm_cortex_m3_base_application_stm32l/Adafruit_ssd1306syp.o
                0x000000000800a864                Adafruit_ssd1306syp::startIIC()
 .text._ZN19Adafruit_ssd1306syp7stopIICEv
                0x000000000800a890       0x2c build_arm_cortex_m3_base_application_stm32l/Adafruit_ssd1306syp.o
                0x000000000800a890                Adafruit_ssd1306syp::stopIIC()
 .text._ZN19Adafruit_ssd1306syp12writeCommandEh
                0x000000000800a8bc       0x2c build_arm_cortex_m3_base_application_stm32l/Adafruit_ssd1306syp.o
                0x000000000800a8bc                Adafruit_ssd1306syp::writeCommand(unsigned char)
 .text._ZN19Adafruit_ssd1306syp10initializeEv
                0x000000000800a8e8      0x104 build_arm_cortex_m3_base_application_stm32l/Adafruit_ssd1306syp.o
                0x000000000800a8e8                Adafruit_ssd1306syp::initialize()
 .text._ZN19Adafruit_ssd1306syp10display_onEv
                0x000000000800a9ec        0x6 build_arm_cortex_m3_base_application_stm32l/Adafruit_ssd1306syp.o
                0x000000000800a9ec                Adafruit_ssd1306syp::display_on()
 .text._ZN19Adafruit_ssd1306syp11display_offEv
                0x000000000800a9f2        0x6 build_arm_cortex_m3_base_application_stm32l/Adafruit_ssd1306syp.o
                0x000000000800a9f2                Adafruit_ssd1306syp::display_off()
 .text._ZN19Adafruit_ssd1306syp17startDataSequenceEv
                0x000000000800a9f8       0x1c build_arm_cortex_m3_base_application_stm32l/Adafruit_ssd1306syp.o
                0x000000000800a9f8                Adafruit_ssd1306syp::startDataSequence()
 .text._ZN19Adafruit_ssd1306syp6updateEv
                0x000000000800aa14       0x56 build_arm_cortex_m3_base_application_stm32l/Adafruit_ssd1306syp.o
                0x000000000800aa14                Adafruit_ssd1306syp::update()
 .text._ZN19Adafruit_ssd1306syp9updateRowEi
                0x000000000800aa6a       0x6c build_arm_cortex_m3_base_application_stm32l/Adafruit_ssd1306syp.o
                0x000000000800aa6a                Adafruit_ssd1306syp::updateRow(int)
 .text.eeprom_read
                0x000000000800aad6        0x4 build_arm_cortex_m3_base_application_stm32l/eeprom.o
                0x000000000800aad6                eeprom_read
 .text.eeprom_erase
                0x000000000800aada        0x4 build_arm_cortex_m3_base_application_stm32l/eeprom.o
                0x000000000800aada                eeprom_erase
 *fill*         0x000000000800aade        0x2 
 .text.startup._GLOBAL__sub_I__ZN9DhcpClass13beginWithDHCPEPhmm
                0x000000000800aae0       0x1c build_arm_cortex_m3_base_application_stm32l/Dhcp.o
 .text.startup._GLOBAL__sub_I__ZN9DNSClient5beginERK9IPAddress
                0x000000000800aafc       0x1c build_arm_cortex_m3_base_application_stm32l/Dns.o
 .text.startup._GLOBAL__sub_I__ZN14EthernetClient8_srcportE
                0x000000000800ab18       0x1c build_arm_cortex_m3_base_application_stm32l/EthernetClient.o
 .text.startup._GLOBAL__sub_I__ZN13EthernetClass6_stateE
                0x000000000800ab34       0x24 build_arm_cortex_m3_base_application_stm32l/Ethernet.o
 .text.startup._GLOBAL__sub_I__ZN14EthernetServerC2Et
                0x000000000800ab58       0x1c build_arm_cortex_m3_base_application_stm32l/EthernetServer.o
 .text.startup._GLOBAL__sub_I__ZN11EthernetUDPC2Ev
                0x000000000800ab74       0x1c build_arm_cortex_m3_base_application_stm32l/EthernetUdp.o
 .text._Z11zclParseHdrP13zclFrameHdr_tPh
                0x000000000800ab90       0x58 build_arm_cortex_m3_base_application_stm32l/zb_zcl.o
                0x000000000800ab90                zclParseHdr(zclFrameHdr_t*, unsigned char*)
 .text._Z20zclGetDataTypeLengthh
                0x000000000800abe8       0x14 build_arm_cortex_m3_base_application_stm32l/zb_zcl.o
                0x000000000800abe8                zclGetDataTypeLength(unsigned char)
 .text._Z20zclGetAttrDataLengthhPht
                0x000000000800abfc       0x34 build_arm_cortex_m3_base_application_stm32l/zb_zcl.o
                0x000000000800abfc                zclGetAttrDataLength(unsigned char, unsigned char*, unsigned short)
 .text._Z21zcl_ProcessMessageMSGP17af_incoming_msg_t
                0x000000000800ac30      0x3c0 build_arm_cortex_m3_base_application_stm32l/zb_zcl.o
                0x000000000800ac30                zcl_ProcessMessageMSG(af_incoming_msg_t*)
 .text._ZN6zb_znp8calc_fcsEPhh.constprop.7
                0x000000000800aff0       0x14 build_arm_cortex_m3_base_application_stm32l/zb_znp.o
 .text._ZN6zb_znp18znp_frame_calc_fcsER12zigbee_msg_t
                0x000000000800b004       0x22 build_arm_cortex_m3_base_application_stm32l/zb_znp.o
                0x000000000800b004                zb_znp::znp_frame_calc_fcs(zigbee_msg_t&)
 .text._ZN6zb_znp16znp_frame_parserEPhm
                0x000000000800b026       0xf0 build_arm_cortex_m3_base_application_stm32l/zb_znp.o
                0x000000000800b026                zb_znp::znp_frame_parser(unsigned char*, unsigned long)
 .text._ZN6zb_znp19waiting_for_messageEt
                0x000000000800b116       0x4c build_arm_cortex_m3_base_application_stm32l/zb_znp.o
                0x000000000800b116                zb_znp::waiting_for_message(unsigned short)
 .text._ZN6zb_znp27set_tc_require_key_exchangeEh
                0x000000000800b162       0x3c build_arm_cortex_m3_base_application_stm32l/zb_znp.o
                0x000000000800b162                zb_znp::set_tc_require_key_exchange(unsigned char)
 .text._ZN6zb_znp19set_startup_optionsEh.part.1
                0x000000000800b19e       0x46 build_arm_cortex_m3_base_application_stm32l/zb_znp.o
 .text._ZN6zb_znp22set_zigbee_device_typeEh.part.2
                0x000000000800b1e4       0x48 build_arm_cortex_m3_base_application_stm32l/zb_znp.o
 .text._ZN6zb_znp18waiting_for_statusEth
                0x000000000800b22c       0x54 build_arm_cortex_m3_base_application_stm32l/zb_znp.o
                0x000000000800b22c                zb_znp::waiting_for_status(unsigned short, unsigned char)
 .text._ZN6zb_znp14get_msg_returnEthPhPm
                0x000000000800b280       0x66 build_arm_cortex_m3_base_application_stm32l/zb_znp.o
                0x000000000800b280                zb_znp::get_msg_return(unsigned short, unsigned char, unsigned char*, unsigned long*)
 .text._ZN6zb_znp33app_cnf_set_allowrejoin_tc_policyEh
                0x000000000800b2e6       0x3c build_arm_cortex_m3_base_application_stm32l/zb_znp.o
                0x000000000800b2e6                zb_znp::app_cnf_set_allowrejoin_tc_policy(unsigned char)
 .text._ZN6zb_znp10soft_resetEv
                0x000000000800b322       0x3c build_arm_cortex_m3_base_application_stm32l/zb_znp.o
                0x000000000800b322                zb_znp::soft_reset()
 .text._ZN6zb_znp9set_panidEt
                0x000000000800b35e       0x4e build_arm_cortex_m3_base_application_stm32l/zb_znp.o
                0x000000000800b35e                zb_znp::set_panid(unsigned short)
 .text._ZN6zb_znp18set_transmit_powerEh
                0x000000000800b3ac       0x44 build_arm_cortex_m3_base_application_stm32l/zb_znp.o
                0x000000000800b3ac                zb_znp::set_transmit_power(unsigned char)
 .text._ZN6zb_znp16set_channel_maskEhm
                0x000000000800b3f0       0x54 build_arm_cortex_m3_base_application_stm32l/zb_znp.o
                0x000000000800b3f0                zb_znp::set_channel_mask(unsigned char, unsigned long)
 .text._ZN6zb_znp31af_register_generic_applicationEh
                0x000000000800b444       0x64 build_arm_cortex_m3_base_application_stm32l/zb_znp.o
                0x000000000800b444                zb_znp::af_register_generic_application(unsigned char)
 .text._ZN6zb_znp23bdb_start_commissioningEhhh
                0x000000000800b4a8       0x46 build_arm_cortex_m3_base_application_stm32l/zb_znp.o
                0x000000000800b4a8                zb_znp::bdb_start_commissioning(unsigned char, unsigned char, unsigned char)
 .text._ZN6zb_znp22set_permit_joining_reqEthh
                0x000000000800b4ee       0x4e build_arm_cortex_m3_base_application_stm32l/zb_znp.o
                0x000000000800b4ee                zb_znp::set_permit_joining_req(unsigned short, unsigned char, unsigned char)
 .text._ZN6zb_znp21zb_read_configurationEhPhPm
                0x000000000800b53c       0x46 build_arm_cortex_m3_base_application_stm32l/zb_znp.o
                0x000000000800b53c                zb_znp::zb_read_configuration(unsigned char, unsigned char*, unsigned long*)
 *fill*         0x000000000800b582        0x2 
 .text._ZN6zb_znp17start_coordinatorEh
                0x000000000800b584      0x2d4 build_arm_cortex_m3_base_application_stm32l/zb_znp.o
                0x000000000800b584                zb_znp::start_coordinator(unsigned char)
 .text.startup._GLOBAL__sub_I__ZN12PubSubClientC2Ev
                0x000000000800b858       0x1c build_arm_cortex_m3_base_application_stm32l/PubSubClient.o
 .text._Z7pinModehh
                0x000000000800b874       0xf0 build_arm_cortex_m3_base_application_stm32l/wiring_digital.o
                0x000000000800b874                pinMode(unsigned char, unsigned char)
 .text._Z12digitalWritehh
                0x000000000800b964       0xe0 build_arm_cortex_m3_base_application_stm32l/wiring_digital.o
                0x000000000800b964                digitalWrite(unsigned char, unsigned char)
 .text._ZN5Print5writeEPKhj
                0x000000000800ba44       0x22 build_arm_cortex_m3_base_application_stm32l/Print.o
                0x000000000800ba44                Print::write(unsigned char const*, unsigned int)
 .text._ZN5Print5writeEPKc
                0x000000000800ba66       0x20 build_arm_cortex_m3_base_application_stm32l/Print.o
                0x000000000800ba66                Print::write(char const*)
 .text._ZN5Print5printEPKc
                0x000000000800ba86        0x8 build_arm_cortex_m3_base_application_stm32l/Print.o
                0x000000000800ba86                Print::print(char const*)
 .text._ZN5Print5printEc
                0x000000000800ba8e        0x6 build_arm_cortex_m3_base_application_stm32l/Print.o
                0x000000000800ba8e                Print::print(char)
 .text._ZN5Print11printNumberEmh
                0x000000000800ba94       0x3c build_arm_cortex_m3_base_application_stm32l/Print.o
                0x000000000800ba94                Print::printNumber(unsigned long, unsigned char)
 .text._ZN5Print5printEli
                0x000000000800bad0       0x44 build_arm_cortex_m3_base_application_stm32l/Print.o
                0x000000000800bad0                Print::print(long, int)
 .text._ZN5Print5printEii
                0x000000000800bb14        0x4 build_arm_cortex_m3_base_application_stm32l/Print.o
                0x000000000800bb14                Print::print(int, int)
 .text._ZN5Print5printEmi
                0x000000000800bb18       0x16 build_arm_cortex_m3_base_application_stm32l/Print.o
                0x000000000800bb18                Print::print(unsigned long, int)
 .text._ZN5Print5printEhi
                0x000000000800bb2e        0x4 build_arm_cortex_m3_base_application_stm32l/Print.o
                0x000000000800bb2e                Print::print(unsigned char, int)
 .text._ZNK9IPAddress7printToER5Print
                0x000000000800bb32       0x3e build_arm_cortex_m3_base_application_stm32l/IPAddress.o
                0x000000000800bb32                IPAddress::printTo(Print&) const
 .text._ZN9IPAddressC2Ev
                0x000000000800bb70       0x10 build_arm_cortex_m3_base_application_stm32l/IPAddress.o
                0x000000000800bb70                IPAddress::IPAddress()
                0x000000000800bb70                IPAddress::IPAddress()
 .text._ZN9IPAddressC2Ehhhh
                0x000000000800bb80       0x18 build_arm_cortex_m3_base_application_stm32l/IPAddress.o
                0x000000000800bb80                IPAddress::IPAddress(unsigned char, unsigned char, unsigned char, unsigned char)
                0x000000000800bb80                IPAddress::IPAddress(unsigned char, unsigned char, unsigned char, unsigned char)
 .text._ZN8SPIClass9io_configEv
                0x000000000800bb98       0x68 build_arm_cortex_m3_base_application_stm32l/SPI.o
                0x000000000800bb98                SPIClass::io_config()
 .text._ZN8SPIClass5beginEv
                0x000000000800bc00       0xe4 build_arm_cortex_m3_base_application_stm32l/SPI.o
                0x000000000800bc00                SPIClass::begin()
 .text.startup._GLOBAL__sub_I__ZN8SPIClassC2Ev
                0x000000000800bce4       0x14 build_arm_cortex_m3_base_application_stm32l/SPI.o
 .text._ZN7TwoWire9availableEv
                0x000000000800bcf8       0x14 build_arm_cortex_m3_base_application_stm32l/Wire.o
                0x000000000800bcf8                TwoWire::available()
 .text._ZN7TwoWire4readEv
                0x000000000800bd0c       0x28 build_arm_cortex_m3_base_application_stm32l/Wire.o
                0x000000000800bd0c                TwoWire::read()
 .text._ZN7TwoWire4peekEv
                0x000000000800bd34       0x24 build_arm_cortex_m3_base_application_stm32l/Wire.o
                0x000000000800bd34                TwoWire::peek()
 .text._ZN7TwoWire5flushEv
                0x000000000800bd58        0x2 build_arm_cortex_m3_base_application_stm32l/Wire.o
                0x000000000800bd58                TwoWire::flush()
 *fill*         0x000000000800bd5a        0x2 
 .text._ZN7TwoWire5writeEh
                0x000000000800bd5c       0x54 build_arm_cortex_m3_base_application_stm32l/Wire.o
                0x000000000800bd5c                TwoWire::write(unsigned char)
 .text._ZN7TwoWire5writeEPKhj
                0x000000000800bdb0       0x34 build_arm_cortex_m3_base_application_stm32l/Wire.o
                0x000000000800bdb0                TwoWire::write(unsigned char const*, unsigned int)
 .text.startup._GLOBAL__sub_I__ZN7TwoWire8rxBufferE
                0x000000000800bde4       0x1c build_arm_cortex_m3_base_application_stm32l/Wire.o
 .text._Z12twi_transmitPKhh
                0x000000000800be00       0x44 build_arm_cortex_m3_base_application_stm32l/twi.o
                0x000000000800be00                twi_transmit(unsigned char const*, unsigned char)
 .text.__cxa_pure_virtual
                0x000000000800be44       0x1c build_arm_cortex_m3_base_application_stm32l/mini_cpp.o
                0x000000000800be44                __cxa_pure_virtual
 .text._sbrk    0x000000000800be60       0x1c build_arm_cortex_m3_base_application_stm32l/mini_cpp.o
                0x000000000800be60                _sbrk
 .text.malloc   0x000000000800be7c       0x10 /home/khoa/workspace/tools/gcc-arm-none-eabi-8-2019-q3-update/arm-none-eabi/lib/thumb/v7-m/nofp/libc.a(lib_a-malloc.o)
                0x000000000800be7c                malloc
 .text.free     0x000000000800be8c       0x10 /home/khoa/workspace/tools/gcc-arm-none-eabi-8-2019-q3-update/arm-none-eabi/lib/thumb/v7-m/nofp/libc.a(lib_a-malloc.o)
                0x000000000800be8c                free
 .text._malloc_r
                0x000000000800be9c      0x558 /home/khoa/workspace/tools/gcc-arm-none-eabi-8-2019-q3-update/arm-none-eabi/lib/thumb/v7-m/nofp/libc.a(lib_a-mallocr.o)
                0x000000000800be9c                _malloc_r
 .text.memcmp   0x000000000800c3f4       0x60 /home/khoa/workspace/tools/gcc-arm-none-eabi-8-2019-q3-update/arm-none-eabi/lib/thumb/v7-m/nofp/libc.a(lib_a-memcmp.o)
                0x000000000800c3f4                memcmp
 .text.memset   0x000000000800c454       0xa0 /home/khoa/workspace/tools/gcc-arm-none-eabi-8-2019-q3-update/arm-none-eabi/lib/thumb/v7-m/nofp/libc.a(lib_a-memset.o)
                0x000000000800c454                memset
 .text.__malloc_lock
                0x000000000800c4f4        0xc /home/khoa/workspace/tools/gcc-arm-none-eabi-8-2019-q3-update/arm-none-eabi/lib/thumb/v7-m/nofp/libc.a(lib_a-mlock.o)
                0x000000000800c4f4                __malloc_lock
 .text.__malloc_unlock
                0x000000000800c500        0xc /home/khoa/workspace/tools/gcc-arm-none-eabi-8-2019-q3-update/arm-none-eabi/lib/thumb/v7-m/nofp/libc.a(lib_a-mlock.o)
                0x000000000800c500                __malloc_unlock
 .text.rand     0x000000000800c50c       0x3c /home/khoa/workspace/tools/gcc-arm-none-eabi-8-2019-q3-update/arm-none-eabi/lib/thumb/v7-m/nofp/libc.a(lib_a-rand.o)
                0x000000000800c50c                rand
 .text._sbrk_r  0x000000000800c548       0x24 /home/khoa/workspace/tools/gcc-arm-none-eabi-8-2019-q3-update/arm-none-eabi/lib/thumb/v7-m/nofp/libc.a(lib_a-sbrkr.o)
                0x000000000800c548                _sbrk_r
 .text.strcpy   0x000000000800c56c       0xbc /home/khoa/workspace/tools/gcc-arm-none-eabi-8-2019-q3-update/arm-none-eabi/lib/thumb/v7-m/nofp/libc.a(lib_a-strcpy.o)
                0x000000000800c56c                strcpy
 .text.strlen   0x000000000800c628       0x5c /home/khoa/workspace/tools/gcc-arm-none-eabi-8-2019-q3-update/arm-none-eabi/lib/thumb/v7-m/nofp/libc.a(lib_a-strlen-stub.o)
                0x000000000800c628                strlen
 .text._strtol_l.isra.0
                0x000000000800c684      0x110 /home/khoa/workspace/tools/gcc-arm-none-eabi-8-2019-q3-update/arm-none-eabi/lib/thumb/v7-m/nofp/libc.a(lib_a-strtol.o)
 .text.strtol   0x000000000800c794       0x18 /home/khoa/workspace/tools/gcc-arm-none-eabi-8-2019-q3-update/arm-none-eabi/lib/thumb/v7-m/nofp/libc.a(lib_a-strtol.o)
                0x000000000800c794                strtol
 .text._malloc_trim_r
                0x000000000800c7ac       0xa0 /home/khoa/workspace/tools/gcc-arm-none-eabi-8-2019-q3-update/arm-none-eabi/lib/thumb/v7-m/nofp/libc.a(lib_a-freer.o)
                0x000000000800c7ac                _malloc_trim_r
 .text._free_r  0x000000000800c84c      0x1f4 /home/khoa/workspace/tools/gcc-arm-none-eabi-8-2019-q3-update/arm-none-eabi/lib/thumb/v7-m/nofp/libc.a(lib_a-freer.o)
                0x000000000800c84c                _free_r
 .text.__retarget_lock_acquire_recursive
                0x000000000800ca40        0x4 /home/khoa/workspace/tools/gcc-arm-none-eabi-8-2019-q3-update/arm-none-eabi/lib/thumb/v7-m/nofp/libc.a(lib_a-lock.o)
                0x000000000800ca40                __retarget_lock_acquire_recursive
 .text.__retarget_lock_release_recursive
                0x000000000800ca44        0x4 /home/khoa/workspace/tools/gcc-arm-none-eabi-8-2019-q3-update/arm-none-eabi/lib/thumb/v7-m/nofp/libc.a(lib_a-lock.o)
                0x000000000800ca44                __retarget_lock_release_recursive
 *(.rodata)
 *(.rodata*)
 .rodata.task_create.str1.1
                0x000000000800ca48        0x3 build_arm_cortex_m3_base_application_stm32l/task.o
 .rodata.timer_set.str1.1
                0x000000000800ca4b        0x3 build_arm_cortex_m3_base_application_stm32l/timer.o
 .rodata.ak_malloc.str1.1
                0x000000000800ca4e        0xa build_arm_cortex_m3_base_application_stm32l/message.o
 .rodata.msg_inc_ref_count.str1.1
                0x000000000800ca58        0x3 build_arm_cortex_m3_base_application_stm32l/message.o
 .rodata.CSWTCH.90
                0x000000000800ca5b       0x1b build_arm_cortex_m3_base_application_stm32l/qrcode.o
 .rodata.NUM_ERROR_CORRECTION_BLOCKS
                0x000000000800ca76       0xa0 build_arm_cortex_m3_base_application_stm32l/qrcode.o
 .rodata.NUM_ERROR_CORRECTION_CODEWORDS
                0x000000000800cb16      0x140 build_arm_cortex_m3_base_application_stm32l/qrcode.o
 .rodata.NUM_RAW_DATA_MODULES
                0x000000000800cc56       0x50 build_arm_cortex_m3_base_application_stm32l/qrcode.o
 .rodata.sys_dbg_fatal.str1.1
                0x000000000800cca6        0x7 build_arm_cortex_m3_base_application_stm32l/sys_dbg.o
 .rodata.exit_critical.str1.1
                0x000000000800ccad        0x4 build_arm_cortex_m3_base_application_stm32l/platform.o
 *fill*         0x000000000800ccb1        0x3 
 .rodata.default_handler.str1.4
                0x000000000800ccb4        0x3 build_arm_cortex_m3_base_application_stm32l/system.o
 *fill*         0x000000000800ccb7        0x1 
 .rodata.sys_ctrl_soft_watchdog_increase_counter.str1.4
                0x000000000800ccb8        0x5 build_arm_cortex_m3_base_application_stm32l/sys_cfg.o
 *fill*         0x000000000800ccbd        0x3 
 .rodata.flash_transfer.str1.4
                0x000000000800ccc0        0x4 build_arm_cortex_m3_base_application_stm32l/io_cfg.o
 .rodata.app_info
                0x000000000800ccc4        0x8 build_arm_cortex_m3_base_application_stm32l/app.o
                0x000000000800ccc4                app_info
 .rodata._ZL10shell_bootPh.str1.1
                0x000000000800cccc      0x166 build_arm_cortex_m3_base_application_stm32l/shell.o
 .rodata._ZL10shell_helpPh.str1.1
                0x000000000800ce32       0x24 build_arm_cortex_m3_base_application_stm32l/shell.o
 .rodata._ZL11shell_fatalPh.str1.1
                0x000000000800ce56      0x21e build_arm_cortex_m3_base_application_stm32l/shell.o
 .rodata._ZL11shell_flashPh.str1.1
                0x000000000800d074       0x5a build_arm_cortex_m3_base_application_stm32l/shell.o
                                         0x62 (size before relaxing)
 .rodata._ZL11shell_resetPh.str1.1
                0x000000000800d0ce        0x6 build_arm_cortex_m3_base_application_stm32l/shell.o
 .rodata._ZL9shell_dbgPh.str1.1
                0x000000000800d0d4      0x110 build_arm_cortex_m3_base_application_stm32l/shell.o
                                        0x113 (size before relaxing)
 .rodata._ZL9shell_epsPh.str1.1
                0x000000000800d1e4       0x11 build_arm_cortex_m3_base_application_stm32l/shell.o
                                         0x1d (size before relaxing)
 .rodata._ZL9shell_lcdPh.str1.1
                0x000000000800d1f5       0x49 build_arm_cortex_m3_base_application_stm32l/shell.o
 .rodata._ZL9shell_ramPh.str1.1
                0x000000000800d23e       0x32 build_arm_cortex_m3_base_application_stm32l/shell.o
 .rodata._ZL9shell_sttPh.str1.1
                0x000000000800d270       0x49 build_arm_cortex_m3_base_application_stm32l/shell.o
 .rodata._ZL9shell_verPh.str1.1
                0x000000000800d2b9      0x160 build_arm_cortex_m3_base_application_stm32l/shell.o
                                        0x163 (size before relaxing)
 .rodata._ZN2ak5stackIZL9shell_dbgPhE6test_tLm3EE4pushERKS2_.str1.1
                0x000000000800d419        0xa build_arm_cortex_m3_base_application_stm32l/shell.o
 .rodata.str1.1