zb_znp.cpp:328:9:uint8_t zb_znp::calc_fcs(uint8_t*, uint8_t)	0	static
zb_znp.cpp:23:9:uint8_t zb_znp::get_sequence_send()	0	static
zb_znp.cpp:34:9:uint8_t zb_znp::update()	0	static
zb_znp.cpp:47:5:int zb_znp::zwrite(uint8_t*, uint32_t)	0	static
zb_znp.cpp:53:5:int zb_znp::zread(uint8_t*, uint32_t)	0	static
zb_znp.cpp:59:6:void zb_znp::zdisable_rev_async()	0	static
zb_znp.cpp:63:6:void zb_znp::zenable_rev_async()	0	static
zb_znp.cpp:254:9:uint8_t zb_znp::znp_frame_calc_fcs(zigbee_msg_t&)	8	static
zb_znp.cpp:96:9:uint8_t zb_znp::znp_frame_parser(uint8_t*, uint32_t)	40	static
zb_znp.cpp:185:9:uint8_t zb_znp::znp_frame_parser(uint8_t)	16	static
zb_znp.cpp:43:9:uint8_t zb_znp::update_irq(uint8_t)	0	static
zb_znp.cpp:264:9:uint8_t zb_znp::waiting_for_message(uint16_t)	272	static
zb_znp.cpp:67:9:uint8_t zb_znp::set_tc_require_key_exchange(uint8_t)	8	static
zb_znp.cpp:394:9:uint8_t zb_znp::set_startup_options(uint8_t)	8	static
zb_znp.cpp:465:9:uint8_t zb_znp::set_zigbee_device_type(uint8_t)	8	static
zb_znp.cpp:284:9:uint8_t zb_znp::waiting_for_status(uint16_t, uint8_t)	280	static
zb_znp.cpp:305:9:uint8_t zb_znp::get_msg_return(uint16_t, uint8_t, uint8_t*, uint32_t*)	24	static
zb_znp.cpp:328:9:uint8_t zb_znp::calc_fcs(uint8_t*, uint8_t)	0	static
zb_znp.cpp:336:9:uint8_t zb_znp::app_cnf_set_allowrejoin_tc_policy(uint8_t)	8	static
zb_znp.cpp:366:9:uint8_t zb_znp::soft_reset()	8	static
zb_znp.cpp:394:9:uint8_t zb_znp::set_startup_options(uint8_t)	0	static
zb_znp.cpp:431:9:uint8_t zb_znp::set_panid(uint16_t)	8	static
zb_znp.cpp:465:9:uint8_t zb_znp::set_zigbee_device_type(uint8_t)	0	static
zb_znp.cpp:501:9:uint8_t zb_znp::set_transmit_power(uint8_t)	16	static
zb_znp.cpp:532:9:uint8_t zb_znp::set_channel_mask(uint8_t, uint32_t)	8	static
zb_znp.cpp:569:9:uint8_t zb_znp::af_register_generic_application(uint8_t)	8	static
zb_znp.cpp:613:9:uint8_t zb_znp::zb_app_register_request()	8	static
zb_znp.cpp:658:9:uint8_t zb_znp::zb_start_request()	8	static
zb_znp.cpp:684:9:uint8_t zb_znp::zdo_start_application()	8	static
zb_znp.cpp:712:9:uint8_t zb_znp::set_callbacks(uint8_t)	8	static
zb_znp.cpp:960:9:uint8_t zb_znp::bdb_start_commissioning(uint8_t, uint8_t, uint8_t)	16	static
zb_znp.cpp:892:10:uint8_t zb_znp::start_router()	16	static
zb_znp.cpp:991:9:uint8_t zb_znp::util_get_device_info()	16	static
zb_znp.cpp:1012:9:uint8_t zb_znp::zdo_mgmt_leave_req(uint16_t, uint8_t*, uint8_t)	16	static
zb_znp.cpp:1042:9:uint8_t zb_znp::set_permit_joining_req(uint16_t, uint8_t, uint8_t)	16	static
zb_znp.cpp:1077:9:uint8_t zb_znp::get_mac_addr_req(uint16_t, uint8_t, uint8_t)	8	static
zb_znp.cpp:1106:9:uint8_t zb_znp::send_af_data_req(af_data_request_t)	16	static
zb_znp.cpp:1154:9:uint8_t zb_znp::set_security_mode(uint8_t)	40	static
zb_znp.cpp:1219:9:uint8_t zb_znp::set_security_key(uint8_t*)	8	static
zb_znp.cpp:1251:9:uint8_t zb_znp::zb_get_device_info(uint8_t, uint8_t*, uint32_t*)	32	static
zb_znp.cpp:1278:9:uint8_t zb_znp::zb_read_configuration(uint8_t, uint8_t*, uint32_t*)	24	static
zb_znp.cpp:747:10:uint8_t zb_znp::start_coordinator(uint8_t)	280	static
zb_znp.cpp:1306:9:uint8_t zb_znp::zdo_binding_req(binding_req_t)	16	static
zb_znp.cpp:1351:9:uint8_t zb_znp::zdo_simple_desc_req(uint16_t, uint8_t)	8	static
